Component: ARM Compiler 5.06 update 5 (build 528) Tool: armlink [4d35e2]

==============================================================================

Section Cross References

    main.o(.text) refers to bsp_init.o(.text) for BspInit
    main.o(.text) refers to watchdog.o(.text) for IWDG_Feed
    main.o(.text) refers to can.o(.text) for DoActionFunc
    main.o(.text) refers to stm32f10x_gpio.o(.text) for GPIO_SetBits
    main.o(.text) refers to main.o(.data) for DoActionFlag
    main.o(.text) refers to can.o(.bss) for CanRecvData
    main.o(.text) refers to sys_time.o(.data) for time_100ms
    system_stm32f10x.o(.text) refers to system_stm32f10x.o(.data) for SystemCoreClock
    sys_time.o(.text) refers to misc.o(.text) for NVIC_Init
    sys_time.o(.text) refers to stm32f10x_rcc.o(.text) for RCC_APB1PeriphClockCmd
    sys_time.o(.text) refers to stm32f10x_tim.o(.text) for TIM_TimeBaseInit
    sys_time.o(.text) refers to sys_time.o(.data) for time_100ms
    led.o(.text) refers to stm32f10x_rcc.o(.text) for RCC_APB2PeriphClockCmd
    led.o(.text) refers to stm32f10x_gpio.o(.text) for GPIO_Init
    can.o(.text) refers to stm32f10x_rcc.o(.text) for RCC_APB2PeriphClockCmd
    can.o(.text) refers to stm32f10x_gpio.o(.text) for GPIO_Init
    can.o(.text) refers to stm32f10x_can.o(.text) for CAN_Init
    can.o(.text) refers to misc.o(.text) for NVIC_Init
    can.o(.text) refers to boxmoter.o(.text) for BoxMotorControl
    can.o(.text) refers to eeprom_i2c.o(.text) for ee_ReadBytes
    can.o(.text) refers to can.o(.data) for ubCounter
    can.o(.text) refers to can.o(.bss) for RxMessage
    can.o(.text) refers to main.o(.data) for DoActionFlag
    eeprom_i2c.o(.text) refers to delay.o(.text) for delay_us
    eeprom_i2c.o(.text) refers to stm32f10x_rcc.o(.text) for RCC_APB2PeriphClockCmd
    eeprom_i2c.o(.text) refers to stm32f10x_gpio.o(.text) for GPIO_Init
    eeprom_i2c.o(.text) refers to eeprom_i2c.o(.data) for MaxLinWidth
    boxmoter.o(.text) refers to stm32f10x_tim.o(.text) for TIM_Cmd
    boxmoter.o(.text) refers to stm32f10x_rcc.o(.text) for RCC_APB2PeriphClockCmd
    boxmoter.o(.text) refers to stm32f10x_gpio.o(.text) for GPIO_Init
    boxmoter.o(.text) refers to stm32f10x_exti.o(.text) for EXTI_StructInit
    boxmoter.o(.text) refers to misc.o(.text) for NVIC_Init
    boxmoter.o(.text) refers to boxmoter.o(.data) for BoxDelayTime
    ccd.o(.text) refers to stm32f10x_rcc.o(.text) for RCC_APB2PeriphClockCmd
    ccd.o(.text) refers to stm32f10x_gpio.o(.text) for GPIO_Init
    ccd.o(.text) refers to stm32f10x_adc.o(.text) for ADC_Init
    bsp_init.o(.text) refers to misc.o(.text) for NVIC_PriorityGroupConfig
    bsp_init.o(.text) refers to delay.o(.text) for delay_init
    bsp_init.o(.text) refers to led.o(.text) for LED_Init
    bsp_init.o(.text) refers to can.o(.text) for CanModeInit
    bsp_init.o(.text) refers to sys_time.o(.text) for System_TimeInit
    bsp_init.o(.text) refers to expandboard.o(.text) for ANALOG_IN_Init
    bsp_init.o(.text) refers to watchdog.o(.text) for IWDG_Init
    bumper.o(.text) refers to stm32f10x_rcc.o(.text) for RCC_APB2PeriphClockCmd
    bumper.o(.text) refers to stm32f10x_gpio.o(.text) for GPIO_Init
    bumper.o(.text) refers to misc.o(.text) for NVIC_Init
    bumper.o(.text) refers to stm32f10x_usart.o(.text) for USART_Init
    bumper.o(.text) refers to stm32f10x_exti.o(.text) for EXTI_Init
    bumper.o(.text) refers to rt_memcpy_v6.o(.text) for __aeabi_memcpy
    bumper.o(.text) refers to rt_memclr.o(.text) for __aeabi_memclr
    bumper.o(.text) refers to bumper.o(.data) for BumperReg
    bumper.o(.text) refers to bumper.o(.bss) for BumperUart_RX_BUF
    expandboard.o(.text) refers to stm32f10x_gpio.o(.text) for GPIO_ResetBits
    expandboard.o(.text) refers to stm32f10x_rcc.o(.text) for RCC_APB2PeriphClockCmd
    expandboard.o(.text) refers to stm32f10x_tim.o(.text) for TIM_DeInit
    expandboard.o(.text) refers to stm32f10x_dma.o(.text) for DMA_DeInit
    expandboard.o(.text) refers to expandboard.o(.bss) for ADC_ConvertedValue
    expandboard.o(.text) refers to stm32f10x_adc.o(.text) for ADC_Init
    delay.o(.text) refers to misc.o(.text) for SysTick_CLKSourceConfig
    delay.o(.text) refers to system_stm32f10x.o(.data) for SystemCoreClock
    delay.o(.text) refers to delay.o(.data) for fac_us
    usart.o(.text) refers to stm32f10x_rcc.o(.text) for RCC_APB2PeriphClockCmd
    usart.o(.text) refers to stm32f10x_gpio.o(.text) for GPIO_Init
    usart.o(.text) refers to misc.o(.text) for NVIC_Init
    usart.o(.text) refers to stm32f10x_usart.o(.text) for USART_Init
    usart.o(.text) refers to usart.o(.data) for rx_statu
    usart.o(.text) refers to main.o(.data) for FinRecvFlag
    usart.o(.text) refers to usart.o(.bss) for USART1_RX_BUF
    watchdog.o(.text) refers to stm32f10x_iwdg.o(.text) for IWDG_WriteAccessCmd
    startup_stm32f10x_md.o(STACK) refers (Special) to heapauxi.o(.text) for __use_two_region_memory
[...]
    libshutdown.o(.ARM.Collect$$libshutdown$$00000000) refers (Special) to libshutdown2.o(.ARM.Collect$$libshutdown$$00000010) for __rt_lib_shutdown_return
    libshutdown.o(.ARM.Collect$$libshutdown$$00000000) refers (Special) to libshutdown2.o(.ARM.Collect$$libshutdown$$0000000A) for __rt_lib_shutdown_signal_1
    libshutdown.o(.ARM.Collect$$libshutdown$$00000000) refers (Special) to libshutdown2.o(.ARM.Collect$$libshutdown$$00000004) for __rt_lib_shutdown_stdio_1
    libshutdown.o(.ARM.Collect$$libshutdown$$00000000) refers (Special) to libshutdown2.o(.ARM.Collect$$libshutdown$$0000000C) for __rt_lib_shutdown_user_alloc_1
    sys_command.o(.text) refers (Special) to use_no_semi.o(.text) for __I$use$semihosting
    sys_command.o(.text) refers (Special) to indicate_semi.o(.text) for __semihosting_library_function
    defsig_rtmem_outer.o(.text) refers to defsig_rtmem_inner.o(.text) for __rt_SIGRTMEM_inner
    defsig_rtmem_outer.o(.text) refers to defsig_exit.o(.text) for __sig_exit
    defsig_rtmem_formal.o(.text) refers to rt_raise.o(.text) for __rt_raise
    rt_raise.o(.text) refers to __raise.o(.text) for __raise
    rt_raise.o(.text) refers to sys_exit.o(.text) for _sys_exit
    defsig_exit.o(.text) refers to sys_exit.o(.text) for _sys_exit
    defsig_rtmem_inner.o(.text) refers to defsig_general.o(.text) for __default_signal_display
    __raise.o(.text) refers to defsig.o(CL$$defsig) for __default_signal_handler
    defsig_general.o(.text) refers to sys_wrch.o(.text) for _ttywrch
    sys_wrch.o(.text) refers (Special) to use_no_semi.o(.text) for __I$use$semihosting
    sys_wrch.o(.text) refers (Special) to indicate_semi.o(.text) for __semihosting_library_function
    defsig.o(CL$$defsig) refers to defsig_rtmem_inner.o(.text) for __rt_SIGRTMEM_inner
    defsig_abrt_inner.o(.text) refers to defsig_general.o(.text) for __default_signal_display
    defsig_fpe_inner.o(.text) refers to defsig_general.o(.text) for __default_signal_display
    defsig_rtred_inner.o(.text) refers to defsig_general.o(.text) for __default_signal_display
    defsig_stak_inner.o(.text) refers to defsig_general.o(.text) for __default_signal_display
    defsig_pvfn_inner.o(.text) refers to defsig_general.o(.text) for __default_signal_display
    defsig_cppl_inner.o(.text) refers to defsig_general.o(.text) for __default_signal_display
    defsig_segv_inner.o(.text) refers to defsig_general.o(.text) for __default_signal_display
    defsig_other.o(.text) refers to defsig_general.o(.text) for __default_signal_display


==============================================================================

Removing Unused input sections from the image.

    Removing ccd.o(.text), (484 bytes).
    Removing sys.o(.emb_text), (6 bytes).
    Removing sys.o(.text), (12 bytes).
    Removing core_cm3.o(.emb_text), (32 bytes).
    Removing stm32f10x_flash.o(.text), (1468 bytes).
    Removing stm32f10x_bkp.o(.text), (196 bytes).
    Removing stm32f10x_cec.o(.text), (288 bytes).
    Removing stm32f10x_crc.o(.text), (72 bytes).
    Removing stm32f10x_dac.o(.text), (396 bytes).
    Removing stm32f10x_dbgmcu.o(.text), (48 bytes).
    Removing stm32f10x_fsmc.o(.text), (1548 bytes).
    Removing stm32f10x_i2c.o(.text), (1028 bytes).
    Removing stm32f10x_pwr.o(.text), (204 bytes).
    Removing stm32f10x_rtc.o(.text), (328 bytes).
    Removing stm32f10x_sdio.o(.text), (468 bytes).
    Removing stm32f10x_spi.o(.text), (780 bytes).
    Removing stm32f10x_wwdg.o(.text), (136 bytes).

17 unused section(s) (total 7494 bytes) removed from the image.

==============================================================================

Image Symbol Table

    Local Symbols

    Symbol Name                              Value     Ov Type        Size  Object(Section)

    ../clib/angel/boardlib.s                 0x00000000   Number         0  boardinit3.o ABSOLUTE
    ../clib/angel/boardlib.s                 0x00000000   Number         0  boardshut.o ABSOLUTE
    ../clib/angel/boardlib.s                 0x00000000   Number         0  boardinit2.o ABSOLUTE
    ../clib/angel/boardlib.s                 0x00000000   Number         0  boardinit1.o ABSOLUTE
    ../clib/angel/handlers.s                 0x00000000   Number         0  __scatter_zi.o ABSOLUTE
    ../clib/angel/handlers.s                 0x00000000   Number         0  __scatter_copy.o ABSOLUTE
    ../clib/angel/kernel.s                   0x00000000   Number         0  __rtentry4.o ABSOLUTE
    ../clib/angel/kernel.s                   0x00000000   Number         0  __rtentry2.o ABSOLUTE
    ../clib/angel/kernel.s                   0x00000000   Number         0  rtexit.o ABSOLUTE
    ../clib/angel/kernel.s                   0x00000000   Number         0  rtexit2.o ABSOLUTE
    ../clib/angel/kernel.s                   0x00000000   Number         0  __rtentry.o ABSOLUTE
    ../clib/angel/rt.s                       0x00000000   Number         0  rt_raise.o ABSOLUTE
    ../clib/angel/scatter.s                  0x00000000   Number         0  __scatter.o ABSOLUTE
    ../clib/angel/startup.s                  0x00000000   Number         0  __main.o ABSOLUTE
    ../clib/angel/sys.s                      0x00000000   Number         0  libspace.o ABSOLUTE
    ../clib/angel/sys.s                      0x00000000   Number         0  indicate_semi.o ABSOLUTE
    ../clib/angel/sys.s                      0x00000000   Number         0  sys_stackheap_outer.o ABSOLUTE
    ../clib/angel/sys.s                      0x00000000   Number         0  use_no_semi.o ABSOLUTE
    ../clib/angel/sysapp.c                   0x00000000   Number         0  sys_exit.o ABSOLUTE
    ../clib/angel/sysapp.c                   0x00000000   Number         0  sys_wrch.o ABSOLUTE
    ../clib/angel/sysapp.c                   0x00000000   Number         0  sys_command.o ABSOLUTE
    ../clib/armsys.c                         0x00000000   Number         0  argv_veneer.o ABSOLUTE
    ../clib/armsys.c                         0x00000000   Number         0  argv_veneer.o ABSOLUTE
    ../clib/armsys.c                         0x00000000   Number         0  _get_argv_nomalloc.o ABSOLUTE
    ../clib/armsys.c                         0x00000000   Number         0  no_argv.o ABSOLUTE
    ../clib/heapalloc.c                      0x00000000   Number         0  hrguard.o ABSOLUTE
    ../clib/heapaux.c                        0x00000000   Number         0  heapauxi.o ABSOLUTE
    ../clib/libinit.s                        0x00000000   Number         0  libshutdown2.o ABSOLUTE
    ../clib/libinit.s                        0x00000000   Number         0  libinit.o ABSOLUTE
    ../clib/libinit.s                        0x00000000   Number         0  libshutdown.o ABSOLUTE
    ../clib/libinit.s                        0x00000000   Number         0  libinit2.o ABSOLUTE
    ../clib/memcpset.s                       0x00000000   Number         0  rt_memclr_w.o ABSOLUTE
    ../clib/memcpset.s                       0x00000000   Number         0  rt_memcpy_v6.o ABSOLUTE
    ../clib/memcpset.s                       0x00000000   Number         0  rt_memclr.o ABSOLUTE
    ../clib/memcpset.s                       0x00000000   Number         0  rt_memcpy_w.o ABSOLUTE
    ../clib/signal.c                         0x00000000   Number         0  defsig_cppl_inner.o ABSOLUTE
    ../clib/signal.c                         0x00000000   Number         0  defsig_stak_inner.o ABSOLUTE
    ../clib/signal.c                         0x00000000   Number         0  defsig_rtred_inner.o ABSOLUTE
    ../clib/signal.c                         0x00000000   Number         0  defsig_general.o ABSOLUTE
    ../clib/signal.c                         0x00000000   Number         0  defsig_abrt_inner.o ABSOLUTE
    ../clib/signal.c                         0x00000000   Number         0  __raise.o ABSOLUTE
    ../clib/signal.c                         0x00000000   Number         0  defsig_rtmem_inner.o ABSOLUTE
    ../clib/signal.c                         0x00000000   Number         0  defsig_exit.o ABSOLUTE
    ../clib/signal.c                         0x00000000   Number         0  defsig_pvfn_inner.o ABSOLUTE
    ../clib/signal.c                         0x00000000   Number         0  defsig_rtmem_formal.o ABSOLUTE
    ../clib/signal.c                         0x00000000   Number         0  defsig_rtmem_outer.o ABSOLUTE
    ../clib/signal.c                         0x00000000   Number         0  defsig_other.o ABSOLUTE
    ../clib/signal.c                         0x00000000   Number         0  defsig_segv_inner.o ABSOLUTE
    ../clib/signal.c                         0x00000000   Number         0  defsig_fpe_inner.o ABSOLUTE
    ../clib/signal.s                         0x00000000   Number         0  defsig.o ABSOLUTE
    ../clib/stdlib.c                         0x00000000   Number         0  exit.o ABSOLUTE
    ../fplib/fpinit.s                        0x00000000   Number         0  fpinit.o ABSOLUTE
    ..\CORE\core_cm3.c                       0x00000000   Number         0  core_cm3.o ABSOLUTE
    ..\CORE\startup_stm32f10x_md.s           0x00000000   Number         0  startup_stm32f10x_md.o ABSOLUTE
    ..\HARDWARE\BSP\bsp_init.c               0x00000000   Number         0  bsp_init.o ABSOLUTE
    ..\HARDWARE\BoxMoter\boxmoter.c          0x00000000   Number         0  boxmoter.o ABSOLUTE
    ..\HARDWARE\Bumper\bumper.c              0x00000000   Number         0  bumper.o ABSOLUTE
    ..\HARDWARE\CAN\can.c                    0x00000000   Number         0  can.o ABSOLUTE
    ..\HARDWARE\CCD\ccd.c                    0x00000000   Number         0  ccd.o ABSOLUTE
    ..\HARDWARE\E2PROM_I2C\eeprom_i2c.c      0x00000000   Number         0  eeprom_i2c.o ABSOLUTE
    ..\HARDWARE\EXPANDBOARD\expandboard.c    0x00000000   Number         0  expandboard.o ABSOLUTE
    ..\HARDWARE\LED\led.c                    0x00000000   Number         0  led.o ABSOLUTE
    ..\HARDWARE\TIME\sys_time.c              0x00000000   Number         0  sys_time.o ABSOLUTE
    ..\STM32F10x_FWLib\src\misc.c            0x00000000   Number         0  misc.o ABSOLUTE
    ..\STM32F10x_FWLib\src\stm32f10x_adc.c   0x00000000   Number         0  stm32f10x_adc.o ABSOLUTE
    ..\STM32F10x_FWLib\src\stm32f10x_bkp.c   0x00000000   Number         0  stm32f10x_bkp.o ABSOLUTE
    ..\STM32F10x_FWLib\src\stm32f10x_can.c   0x00000000   Number         0  stm32f10x_can.o ABSOLUTE
    ..\STM32F10x_FWLib\src\stm32f10x_cec.c   0x00000000   Number         0  stm32f10x_cec.o ABSOLUTE
    ..\STM32F10x_FWLib\src\stm32f10x_crc.c   0x00000000   Number         0  stm32f10x_crc.o ABSOLUTE
    ..\STM32F10x_FWLib\src\stm32f10x_dac.c   0x00000000   Number         0  stm32f10x_dac.o ABSOLUTE
    ..\STM32F10x_FWLib\src\stm32f10x_dbgmcu.c 0x00000000   Number         0  stm32f10x_dbgmcu.o ABSOLUTE
    ..\STM32F10x_FWLib\src\stm32f10x_dma.c   0x00000000   Number         0  stm32f10x_dma.o ABSOLUTE
    ..\STM32F10x_FWLib\src\stm32f10x_exti.c  0x00000000   Number         0  stm32f10x_exti.o ABSOLUTE
    ..\STM32F10x_FWLib\src\stm32f10x_flash.c 0x00000000   Number         0  stm32f10x_flash.o ABSOLUTE
    ..\STM32F10x_FWLib\src\stm32f10x_fsmc.c  0x00000000   Number         0  stm32f10x_fsmc.o ABSOLUTE
    ..\STM32F10x_FWLib\src\stm32f10x_gpio.c  0x00000000   Number         0  stm32f10x_gpio.o ABSOLUTE
    ..\STM32F10x_FWLib\src\stm32f10x_i2c.c   0x00000000   Number         0  stm32f10x_i2c.o ABSOLUTE
    ..\STM32F10x_FWLib\src\stm32f10x_iwdg.c  0x00000000   Number         0  stm32f10x_iwdg.o ABSOLUTE
    ..\STM32F10x_FWLib\src\stm32f10x_pwr.c   0x00000000   Number         0  stm32f10x_pwr.o ABSOLUTE
    ..\STM32F10x_FWLib\src\stm32f10x_rcc.c   0x00000000   Number         0  stm32f10x_rcc.o ABSOLUTE
    ..\STM32F10x_FWLib\src\stm32f10x_rtc.c   0x00000000   Number         0  stm32f10x_rtc.o ABSOLUTE
    ..\STM32F10x_FWLib\src\stm32f10x_sdio.c  0x00000000   Number         0  stm32f10x_sdio.o ABSOLUTE
    ..\STM32F10x_FWLib\src\stm32f10x_spi.c   0x00000000   Number         0  stm32f10x_spi.o ABSOLUTE
    ..\STM32F10x_FWLib\src\stm32f10x_tim.c   0x00000000   Number         0  stm32f10x_tim.o ABSOLUTE
    ..\STM32F10x_FWLib\src\stm32f10x_usart.c 0x00000000   Number         0  stm32f10x_usart.o ABSOLUTE
    ..\STM32F10x_FWLib\src\stm32f10x_wwdg.c  0x00000000   Number         0  stm32f10x_wwdg.o ABSOLUTE
    ..\SYSTEM\delay\delay.c                  0x00000000   Number         0  delay.o ABSOLUTE
    ..\SYSTEM\sys\sys.c                      0x00000000   Number         0  sys.o ABSOLUTE
    ..\SYSTEM\usart\usart.c                  0x00000000   Number         0  usart.o ABSOLUTE
    ..\SYSTEM\watchdog\watchdog.c            0x00000000   Number         0  watchdog.o ABSOLUTE
    ..\\CORE\\core_cm3.c                     0x00000000   Number         0  core_cm3.o ABSOLUTE
    ..\\SYSTEM\\sys\\sys.c                   0x00000000   Number         0  sys.o ABSOLUTE
    dc.s                                     0x00000000   Number         0  dc.o ABSOLUTE
    main.c                                   0x00000000   Number         0  main.o ABSOLUTE
    stm32f10x_it.c                           0x00000000   Number         0  stm32f10x_it.o ABSOLUTE
    system_stm32f10x.c                       0x00000000   Number         0  system_stm32f10x.o ABSOLUTE
    RESET                                    0x08000000   Section      236  startup_stm32f10x_md.o(RESET)
    !!!main                                  0x080000ec   Section        8  __main.o(!!!main)
    !!!scatter                               0x080000f4   Section       52  __scatter.o(!!!scatter)
    !!handler_copy                           0x08000128   Section       26  __scatter_copy.o(!!handler_copy)
    !!handler_zi                             0x08000144   Section       28  __scatter_zi.o(!!handler_zi)
    .ARM.Collect$$libinit$$00000000          0x08000160   Section        2  libinit.o(.ARM.Collect$$libinit$$00000000)
    .ARM.Collect$$libinit$$00000002          0x08000162   Section        0  libinit2.o(.ARM.Collect$$libinit$$00000002)
    .ARM.Collect$$libinit$$00000004          0x08000162   Section        0  libinit2.o(.ARM.Collect$$libinit$$00000004)
    .ARM.Collect$$libinit$$0000000A          0x08000162   Section        0  libinit2.o(.ARM.Collect$$libinit$$0000000A)
    .ARM.Collect$$libinit$$0000000C          0x08000162   Section        0  libinit2.o(.ARM.Collect$$libinit$$0000000C)
    .ARM.Collect$$libinit$$0000000E          0x08000162   Section        0  libinit2.o(.ARM.Collect$$libinit$$0000000E)
    .ARM.Collect$$libinit$$00000011          0x08000162   Section        0  libinit2.o(.ARM.Collect$$libinit$$00000011)
    .ARM.Collect$$libinit$$00000013          0x08000162   Section        0  libinit2.o(.ARM.Collect$$libinit$$00000013)
    .ARM.Collect$$libinit$$00000015          0x08000162   Section        0  libinit2.o(.ARM.Collect$$libinit$$00000015)
    .ARM.Collect$$libinit$$00000017          0x08000162   Section        0  libinit2.o(.ARM.Collect$$libinit$$00000017)
    .ARM.Collect$$libinit$$00000019          0x08000162   Section        0  libinit2.o(.ARM.Collect$$libinit$$00000019)
    .ARM.Collect$$libinit$$0000001B          0x08000162   Section        0  libinit2.o(.ARM.Collect$$libinit$$0000001B)
    .ARM.Collect$$libinit$$0000001D          0x08000162   Section        0  libinit2.o(.ARM.Collect$$libinit$$0000001D)
    .ARM.Collect$$libinit$$0000001F          0x08000162   Section        0  libinit2.o(.ARM.Collect$$libinit$$0000001F)
    .ARM.Collect$$libinit$$00000021          0x08000162   Section        0  libinit2.o(.ARM.Collect$$libinit$$00000021)
    .ARM.Collect$$libinit$$00000023          0x08000162   Section        0  libinit2.o(.ARM.Collect$$libinit$$00000023)
    .ARM.Collect$$libinit$$00000025          0x08000162   Section        0  libinit2.o(.ARM.Collect$$libinit$$00000025)
    .ARM.Collect$$libinit$$0000002C          0x08000162   Section        0  libinit2.o(.ARM.Collect$$libinit$$0000002C)
    .ARM.Collect$$libinit$$0000002E          0x08000162   Section        0  libinit2.o(.ARM.Collect$$libinit$$0000002E)
    .ARM.Collect$$libinit$$00000030          0x08000162   Section        0  libinit2.o(.ARM.Collect$$libinit$$00000030)
    .ARM.Collect$$libinit$$00000032          0x08000162   Section        0  libinit2.o(.ARM.Collect$$libinit$$00000032)
    .ARM.Collect$$libinit$$00000033          0x08000162   Section        2  libinit2.o(.ARM.Collect$$libinit$$00000033)
    .ARM.Collect$$libshutdown$$00000000      0x08000164   Section        2  libshutdown.o(.ARM.Collect$$libshutdown$$00000000)
    .ARM.Collect$$libshutdown$$00000002      0x08000166   Section        0  libshutdown2.o(.ARM.Collect$$libshutdown$$00000002)
    .ARM.Collect$$libshutdown$$00000004      0x08000166   Section        0  libshutdown2.o(.ARM.Collect$$libshutdown$$00000004)
    .ARM.Collect$$libshutdown$$00000007      0x08000166   Section        0  libshutdown2.o(.ARM.Collect$$libshutdown$$00000007)
    .ARM.Collect$$libshutdown$$0000000A      0x08000166   Section        0  libshutdown2.o(.ARM.Collect$$libshutdown$$0000000A)
    .ARM.Collect$$libshutdown$$0000000C      0x08000166   Section        0  libshutdown2.o(.ARM.Collect$$libshutdown$$0000000C)
    .ARM.Collect$$libshutdown$$0000000F      0x08000166   Section        0  libshutdown2.o(.ARM.Collect$$libshutdown$$0000000F)
    .ARM.Collect$$libshutdown$$00000010      0x08000166   Section        2  libshutdown2.o(.ARM.Collect$$libshutdown$$00000010)
    .ARM.Collect$$rtentry$$00000000          0x08000168   Section        0  __rtentry.o(.ARM.Collect$$rtentry$$00000000)
    .ARM.Collect$$rtentry$$00000002          0x08000168   Section        0  __rtentry2.o(.ARM.Collect$$rtentry$$00000002)
    .ARM.Collect$$rtentry$$00000004          0x08000168   Section        6  __rtentry4.o(.ARM.Collect$$rtentry$$00000004)
    .ARM.Collect$$rtentry$$00000009          0x0800016e   Section        0  __rtentry2.o(.ARM.Collect$$rtentry$$00000009)
    .ARM.Collect$$rtentry$$0000000A          0x0800016e   Section        4  __rtentry2.o(.ARM.Collect$$rtentry$$0000000A)
    .ARM.Collect$$rtentry$$0000000C          0x08000172   Section        0  __rtentry2.o(.ARM.Collect$$rtentry$$0000000C)
    .ARM.Collect$$rtentry$$0000000D          0x08000172   Section        8  __rtentry2.o(.ARM.Collect$$rtentry$$0000000D)
    .ARM.Collect$$rtexit$$00000000           0x0800017a   Section        2  rtexit.o(.ARM.Collect$$rtexit$$00000000)
    .ARM.Collect$$rtexit$$00000002           0x0800017c   Section        0  rtexit2.o(.ARM.Collect$$rtexit$$00000002)
    .ARM.Collect$$rtexit$$00000003           0x0800017c   Section        4  rtexit2.o(.ARM.Collect$$rtexit$$00000003)
    .ARM.Collect$$rtexit$$00000004           0x08000180   Section        6  rtexit2.o(.ARM.Collect$$rtexit$$00000004)
    .text                                    0x08000188   Section        0  main.o(.text)
    .text                                    0x08000208   Section        0  stm32f10x_it.o(.text)
    .text                                    0x08000224   Section        0  system_stm32f10x.o(.text)
    SetSysClockTo72                          0x08000225   Thumb Code   214  system_stm32f10x.o(.text)
    SetSysClock                              0x080002fb   Thumb Code     8  system_stm32f10x.o(.text)
    .text                                    0x08000404   Section        0  sys_time.o(.text)
    .text                                    0x08000498   Section        0  led.o(.text)
    .text                                    0x080004d0   Section        0  can.o(.text)
    .text                                    0x0800087c   Section        0  eeprom_i2c.o(.text)
    i2c_Delay                                0x0800087d   Thumb Code    10  eeprom_i2c.o(.text)
    .text                                    0x08000ce8   Section        0  boxmoter.o(.text)
    .text                                    0x0800107c   Section        0  bsp_init.o(.text)
    .text                                    0x080010ac   Section        0  bumper.o(.text)
    .text                                    0x080013b4   Section        0  expandboard.o(.text)
    .text                                    0x080018c0   Section        0  delay.o(.text)
    .text                                    0x08001994   Section        0  usart.o(.text)
    .text                                    0x08001bb0   Section        0  watchdog.o(.text)
    .text                                    0x08001bdc   Section       64  startup_stm32f10x_md.o(.text)
    .text                                    0x08001c1c   Section        0  misc.o(.text)
    .text                                    0x08001cf8   Section        0  stm32f10x_gpio.o(.text)
    .text                                    0x08002054   Section        0  stm32f10x_rcc.o(.text)
    .text                                    0x080023f8   Section        0  stm32f10x_usart.o(.text)
    .text                                    0x08002800   Section        0  stm32f10x_tim.o(.text)
    TI4_Config                               0x08002ca7   Thumb Code   130  stm32f10x_tim.o(.text)
    TI3_Config                               0x08002d3b   Thumb Code   122  stm32f10x_tim.o(.text)
    TI2_Config                               0x08002dcf   Thumb Code   130  stm32f10x_tim.o(.text)
    TI1_Config                               0x08002e63   Thumb Code   108  stm32f10x_tim.o(.text)
    .text                                    0x0800361c   Section        0  stm32f10x_can.o(.text)
    CheckITStatus                            0x08003e1f   Thumb Code    18  stm32f10x_can.o(.text)
    .text                                    0x0800400c   Section        0  stm32f10x_adc.o(.text)
    .text                                    0x0800445c   Section        0  stm32f10x_dma.o(.text)
    .text                                    0x080046b0   Section        0  stm32f10x_exti.o(.text)
    .text                                    0x080047cc   Section        0  stm32f10x_iwdg.o(.text)
    .text                                    0x0800480c   Section      138  rt_memcpy_v6.o(.text)
    .text                                    0x08004896   Section       68  rt_memclr.o(.text)
    .text                                    0x080048da   Section        0  heapauxi.o(.text)
    .text                                    0x080048e0   Section      100  rt_memcpy_w.o(.text)
    .text                                    0x08004944   Section       78  rt_memclr_w.o(.text)
    .text                                    0x08004992   Section       74  sys_stackheap_outer.o(.text)
    .text                                    0x080049dc   Section        0  exit.o(.text)
    .text                                    0x080049f0   Section        8  libspace.o(.text)
    .text                                    0x080049f8   Section        0  sys_exit.o(.text)
    .text                                    0x08004a04   Section        2  use_no_semi.o(.text)
    .text                                    0x08004a06   Section        0  indicate_semi.o(.text)
    .data                                    0x20000000   Section       15  main.o(.data)
    .data                                    0x20000010   Section       20  system_stm32f10x.o(.data)
    .data                                    0x20000024   Section        4  sys_time.o(.data)
    .data                                    0x20000028   Section        1  can.o(.data)
    ubCounter                                0x20000028   Data           1  can.o(.data)
    .data                                    0x2000002a   Section        6  eeprom_i2c.o(.data)
    .data                                    0x20000030   Section        8  boxmoter.o(.data)
    .data                                    0x20000038   Section       21  bumper.o(.data)
    start                                    0x2000004c   Data           1  bumper.o(.data)
    .data                                    0x2000004e   Section        4  delay.o(.data)
    fac_us                                   0x2000004e   Data           1  delay.o(.data)
    fac_ms                                   0x20000050   Data           2  delay.o(.data)
    .data                                    0x20000052   Section        6  usart.o(.data)
    .data                                    0x20000058   Section       20  stm32f10x_rcc.o(.data)
    APBAHBPrescTable                         0x20000058   Data          16  stm32f10x_rcc.o(.data)
    ADCPrescTable                            0x20000068   Data           4  stm32f10x_rcc.o(.data)
    .bss                                     0x2000006c   Section       30  can.o(.bss)
    .bss                                     0x2000008a   Section       13  bumper.o(.bss)
    .bss                                     0x20000098   Section       16  expandboard.o(.bss)
    .bss                                     0x200000a8   Section      200  usart.o(.bss)
    .bss                                     0x20000170   Section       96  libspace.o(.bss)
    HEAP                                     0x200001d0   Section      512  startup_stm32f10x_md.o(HEAP)
    Heap_Mem                                 0x200001d0   Data         512  startup_stm32f10x_md.o(HEAP)
    STACK                                    0x200003d0   Section     1024  startup_stm32f10x_md.o(STACK)
    Stack_Mem                                0x200003d0   Data        1024  startup_stm32f10x_md.o(STACK)
    __initial_sp                             0x200007d0   Data           0  startup_stm32f10x_md.o(STACK)

    Global Symbols

    Symbol Name                              Value     Ov Type        Size  Object(Section)

    BuildAttributes$$THM_ISAv4$P$D$K$B$S$PE$A:L22UL41UL21$X:L11$S22US41US21$IEEE1$IW$USESV6$~STKCKD$USESV7$~SHL$OSPACE$ROPI$EBA8$UX$STANDARDLIB$REQ8$PRES8$EABIv2 0x00000000   Number         0  anon$$obj.o ABSOLUTE
    __ARM_use_no_argv                        0x00000000   Number         0  main.o ABSOLUTE
    __ARM_exceptions_init                     - Undefined Weak Reference
    __alloca_initialize                       - Undefined Weak Reference
    __arm_preinit_                            - Undefined Weak Reference
    __cpp_initialize__aeabi_                  - Undefined Weak Reference
    __cxa_finalize                            - Undefined Weak Reference
    __rt_locale                               - Undefined Weak Reference
    __sigvec_lookup                           - Undefined Weak Reference
    _atexit_init                              - Undefined Weak Reference
    _call_atexit_fns                          - Undefined Weak Reference
    _clock_init                               - Undefined Weak Reference
    _fp_trap_init                             - Undefined Weak Reference
    _fp_trap_shutdown                         - Undefined Weak Reference
    _get_lc_collate                           - Undefined Weak Reference
    _get_lc_ctype                             - Undefined Weak Reference
    _get_lc_monetary                          - Undefined Weak Reference
    _get_lc_numeric                           - Undefined Weak Reference
    _get_lc_time                              - Undefined Weak Reference
    _getenv_init                              - Undefined Weak Reference
    _handle_redirection                       - Undefined Weak Reference
    _init_alloc                               - Undefined Weak Reference
    _init_user_alloc                          - Undefined Weak Reference
    _initio                                   - Undefined Weak Reference
    _rand_init                                - Undefined Weak Reference
    _signal_finish                            - Undefined Weak Reference
    _signal_init                              - Undefined Weak Reference
    _terminate_alloc                          - Undefined Weak Reference
    _terminate_user_alloc                     - Undefined Weak Reference
    _terminateio                              - Undefined Weak Reference
    __Vectors_Size                           0x000000ec   Number         0  startup_stm32f10x_md.o ABSOLUTE
    __Vectors                                0x08000000   Data           4  startup_stm32f10x_md.o(RESET)
    __Vectors_End                            0x080000ec   Data           0  startup_stm32f10x_md.o(RESET)
    __main                                   0x080000ed   Thumb Code     8  __main.o(!!!main)
    __scatterload                            0x080000f5   Thumb Code     0  __scatter.o(!!!scatter)
    __scatterload_rt2                        0x080000f5   Thumb Code    44  __scatter.o(!!!scatter)
    __scatterload_rt2_thumb_only             0x080000f5   Thumb Code     0  __scatter.o(!!!scatter)
    __scatterload_null                       0x08000103   Thumb Code     0  __scatter.o(!!!scatter)
    __scatterload_copy                       0x08000129   Thumb Code    26  __scatter_copy.o(!!handler_copy)
    __scatterload_zeroinit                   0x08000145   Thumb Code    28  __scatter_zi.o(!!handler_zi)
    __rt_lib_init                            0x08000161   Thumb Code     0  libinit.o(.ARM.Collect$$libinit$$00000000)
    __rt_lib_init_alloca_1                   0x08000163   Thumb Code     0  libinit2.o(.ARM.Collect$$libinit$$0000002E)
    __rt_lib_init_argv_1                     0x08000163   Thumb Code     0  libinit2.o(.ARM.Collect$$libinit$$0000002C)
    __rt_lib_init_atexit_1                   0x08000163   Thumb Code     0  libinit2.o(.ARM.Collect$$libinit$$0000001B)
    __rt_lib_init_clock_1                    0x08000163   Thumb Code     0  libinit2.o(.ARM.Collect$$libinit$$00000021)
    __rt_lib_init_cpp_1                      0x08000163   Thumb Code     0  libinit2.o(.ARM.Collect$$libinit$$00000032)
    __rt_lib_init_exceptions_1               0x08000163   Thumb Code     0  libinit2.o(.ARM.Collect$$libinit$$00000030)
    __rt_lib_init_fp_1                       0x08000163   Thumb Code     0  libinit2.o(.ARM.Collect$$libinit$$00000002)
    __rt_lib_init_fp_trap_1                  0x08000163   Thumb Code     0  libinit2.o(.ARM.Collect$$libinit$$0000001F)
    __rt_lib_init_getenv_1                   0x08000163   Thumb Code     0  libinit2.o(.ARM.Collect$$libinit$$00000023)
    __rt_lib_init_heap_1                     0x08000163   Thumb Code     0  libinit2.o(.ARM.Collect$$libinit$$0000000A)
    __rt_lib_init_lc_collate_1               0x08000163   Thumb Code     0  libinit2.o(.ARM.Collect$$libinit$$00000011)
    __rt_lib_init_lc_ctype_1                 0x08000163   Thumb Code     0  libinit2.o(.ARM.Collect$$libinit$$00000013)
    __rt_lib_init_lc_monetary_1              0x08000163   Thumb Code     0  libinit2.o(.ARM.Collect$$libinit$$00000015)
    __rt_lib_init_lc_numeric_1               0x08000163   Thumb Code     0  libinit2.o(.ARM.Collect$$libinit$$00000017)
    __rt_lib_init_lc_time_1                  0x08000163   Thumb Code     0  libinit2.o(.ARM.Collect$$libinit$$00000019)
    __rt_lib_init_preinit_1                  0x08000163   Thumb Code     0  libinit2.o(.ARM.Collect$$libinit$$00000004)
    __rt_lib_init_rand_1                     0x08000163   Thumb Code     0  libinit2.o(.ARM.Collect$$libinit$$0000000E)
    __rt_lib_init_return                     0x08000163   Thumb Code     0  libinit2.o(.ARM.Collect$$libinit$$00000033)
    __rt_lib_init_signal_1                   0x08000163   Thumb Code     0  libinit2.o(.ARM.Collect$$libinit$$0000001D)
    __rt_lib_init_stdio_1                    0x08000163   Thumb Code     0  libinit2.o(.ARM.Collect$$libinit$$00000025)
    __rt_lib_init_user_alloc_1               0x08000163   Thumb Code     0  libinit2.o(.ARM.Collect$$libinit$$0000000C)
    __rt_lib_shutdown                        0x08000165   Thumb Code     0  libshutdown.o(.ARM.Collect$$libshutdown$$00000000)
    __rt_lib_shutdown_cpp_1                  0x08000167   Thumb Code     0  libshutdown2.o(.ARM.Collect$$libshutdown$$00000002)
    __rt_lib_shutdown_fp_trap_1              0x08000167   Thumb Code     0  libshutdown2.o(.ARM.Collect$$libshutdown$$00000007)
    __rt_lib_shutdown_heap_1                 0x08000167   Thumb Code     0  libshutdown2.o(.ARM.Collect$$libshutdown$$0000000F)
    __rt_lib_shutdown_return                 0x08000167   Thumb Code     0  libshutdown2.o(.ARM.Collect$$libshutdown$$00000010)
    __rt_lib_shutdown_signal_1               0x08000167   Thumb Code     0  libshutdown2.o(.ARM.Collect$$libshutdown$$0000000A)
    __rt_lib_shutdown_stdio_1                0x08000167   Thumb Code     0  libshutdown2.o(.ARM.Collect$$libshutdown$$00000004)
    __rt_lib_shutdown_user_alloc_1           0x08000167   Thumb Code     0  libshutdown2.o(.ARM.Collect$$libshutdown$$0000000C)
    __rt_entry                               0x08000169   Thumb Code     0  __rtentry.o(.ARM.Collect$$rtentry$$00000000)
    __rt_entry_presh_1                       0x08000169   Thumb Code     0  __rtentry2.o(.ARM.Collect$$rtentry$$00000002)
    __rt_entry_sh                            0x08000169   Thumb Code     0  __rtentry4.o(.ARM.Collect$$rtentry$$00000004)
    __rt_entry_li                            0x0800016f   Thumb Code     0  __rtentry2.o(.ARM.Collect$$rtentry$$0000000A)
    __rt_entry_postsh_1                      0x0800016f   Thumb Code     0  __rtentry2.o(.ARM.Collect$$rtentry$$00000009)
    __rt_entry_main                          0x08000173   Thumb Code     0  __rtentry2.o(.ARM.Collect$$rtentry$$0000000D)
    __rt_entry_postli_1                      0x08000173   Thumb Code     0  __rtentry2.o(.ARM.Collect$$rtentry$$0000000C)
    __rt_exit                                0x0800017b   Thumb Code     0  rtexit.o(.ARM.Collect$$rtexit$$00000000)
    __rt_exit_ls                             0x0800017d   Thumb Code     0  rtexit2.o(.ARM.Collect$$rtexit$$00000003)
    __rt_exit_prels_1                        0x0800017d   Thumb Code     0  rtexit2.o(.ARM.Collect$$rtexit$$00000002)
    __rt_exit_exit                           0x08000181   Thumb Code     0  rtexit2.o(.ARM.Collect$$rtexit$$00000004)
    main                                     0x08000189   Thumb Code   106  main.o(.text)
    NMI_Handler                              0x08000209   Thumb Code     2  stm32f10x_it.o(.text)
    HardFault_Handler                        0x0800020b   Thumb Code     4  stm32f10x_it.o(.text)
    MemManage_Handler                        0x0800020f   Thumb Code     4  stm32f10x_it.o(.text)
    BusFault_Handler                         0x08000213   Thumb Code     4  stm32f10x_it.o(.text)
    UsageFault_Handler                       0x08000217   Thumb Code     4  stm32f10x_it.o(.text)
    SVC_Handler                              0x0800021b   Thumb Code     2  stm32f10x_it.o(.text)
    DebugMon_Handler                         0x0800021d   Thumb Code     2  stm32f10x_it.o(.text)
    PendSV_Handler                           0x0800021f   Thumb Code     2  stm32f10x_it.o(.text)
    SysTick_Handler                          0x08000221   Thumb Code     2  stm32f10x_it.o(.text)
    SystemInit                               0x08000303   Thumb Code    78  system_stm32f10x.o(.text)
    SystemCoreClockUpdate                    0x08000351   Thumb Code   142  system_stm32f10x.o(.text)
    SYSTEM_TIM_NVIC_Config                   0x08000405   Thumb Code    34  sys_time.o(.text)
    System_TimeInit                          0x08000427   Thumb Code    78  sys_time.o(.text)
    TIM2_IRQHandler                          0x08000475   Thumb Code    32  sys_time.o(.text)
    LED_Init                                 0x08000499   Thumb Code    50  led.o(.text)
    CanModeInit                              0x080004d1   Thumb Code   302  can.o(.text)
    CAN1_SendMesg                            0x080005ff   Thumb Code    64  can.o(.text)
    Clear_RxMes                              0x0800063f   Thumb Code    50  can.o(.text)
    DoActionFunc                             0x08000671   Thumb Code   326  can.o(.text)
    USB_LP_CAN1_RX0_IRQHandler               0x080007b7   Thumb Code   166  can.o(.text)
    i2c_Start                                0x08000887   Thumb Code    66  eeprom_i2c.o(.text)
    i2c_Stop                                 0x080008c9   Thumb Code    58  eeprom_i2c.o(.text)
    i2c_SendByte                             0x08000903   Thumb Code   104  eeprom_i2c.o(.text)
    i2c_ReadByte                             0x0800096b   Thumb Code    86  eeprom_i2c.o(.text)
    i2c_WaitAck                              0x080009c1   Thumb Code    98  eeprom_i2c.o(.text)
    i2c_Ack                                  0x08000a23   Thumb Code    48  eeprom_i2c.o(.text)
    i2c_NAck                                 0x08000a53   Thumb Code    40  eeprom_i2c.o(.text)
    E2PROMInit                               0x08000a7b   Thumb Code    50  eeprom_i2c.o(.text)
    i2c_CheckDevice                          0x08000aad   Thumb Code    32  eeprom_i2c.o(.text)
    ee_CheckOk                               0x08000acd   Thumb Code    22  eeprom_i2c.o(.text)
    ee_ReadBytes                             0x08000ae3   Thumb Code   112  eeprom_i2c.o(.text)
    ee_ReadOneByte                           0x08000b53   Thumb Code    78  eeprom_i2c.o(.text)
    ee_ReadLenByte                           0x08000ba1   Thumb Code    50  eeprom_i2c.o(.text)
    ee_WriteBytes                            0x08000bd3   Thumb Code   128  eeprom_i2c.o(.text)
    ee_Erase                                 0x08000c53   Thumb Code    50  eeprom_i2c.o(.text)
    ReadE2PromPara                           0x08000c85   Thumb Code    80  eeprom_i2c.o(.text)
    BoxMotorRev                              0x08000ce9   Thumb Code    26  boxmoter.o(.text)
    BoxMotorFwd                              0x08000d03   Thumb Code    28  boxmoter.o(.text)
    BoxMotorControl                          0x08000d1f   Thumb Code    26  boxmoter.o(.text)
    BoxStauts                                0x08000d39   Thumb Code     2  boxmoter.o(.text)
    BoxTimePwmInit                           0x08000d3b   Thumb Code   326  boxmoter.o(.text)
    BoxMotorStop                             0x08000e81   Thumb Code    30  boxmoter.o(.text)
    BoxLimitSwitchConfig                     0x08000e9f   Thumb Code   180  boxmoter.o(.text)
    BoxTimeInit                              0x08000f53   Thumb Code   108  boxmoter.o(.text)
    BoxMotorInit                             0x08000fbf   Thumb Code    40  boxmoter.o(.text)
    EXTI9_5_IRQHandler                       0x08000fe7   Thumb Code    40  boxmoter.o(.text)
    EXTI0_IRQHandler                         0x0800100f   Thumb Code    40  boxmoter.o(.text)
    TIM3_IRQHandler                          0x08001037   Thumb Code    44  boxmoter.o(.text)
    BspInit                                  0x0800107d   Thumb Code    46  bsp_init.o(.text)
    UltrasonicUartInit                       0x080010ad   Thumb Code   244  bumper.o(.text)
    BumperTriggerInit                        0x080011a1   Thumb Code   188  bumper.o(.text)
    BumperInit                               0x0800125d   Thumb Code    20  bumper.o(.text)
    EXTI3_IRQHandler                         0x08001271   Thumb Code    56  bumper.o(.text)
    EXTI4_IRQHandler                         0x080012a9   Thumb Code    56  bumper.o(.text)
    USART1_IRQHandler                        0x080012e1   Thumb Code   174  bumper.o(.text)
    DigtalOutPutAllLow                       0x080013b5   Thumb Code    76  expandboard.o(.text)
    DigtalIOOutInit                          0x08001401   Thumb Code    72  expandboard.o(.text)
    DigtalIOINInit                           0x08001449   Thumb Code    62  expandboard.o(.text)
    RGBIOUTInit                              0x08001487   Thumb Code    68  expandboard.o(.text)
    DigtalOutHigh                            0x080014cb   Thumb Code    16  expandboard.o(.text)
    DigtalOutLow                             0x080014db   Thumb Code    16  expandboard.o(.text)
    HBridgePwmInit                           0x080014eb   Thumb Code   210  expandboard.o(.text)
    IODigtalOut                              0x080015bd   Thumb Code    20  expandboard.o(.text)
    HBridgeDriveFwd                          0x080015d1   Thumb Code    14  expandboard.o(.text)
    HBridgeDriveRev                          0x080015df   Thumb Code    14  expandboard.o(.text)
    DigtalOutControl                         0x080015ed   Thumb Code   246  expandboard.o(.text)
    DigtalINControl                          0x080016e3   Thumb Code    72  expandboard.o(.text)
    ANALOG_IN_Init                           0x0800172b   Thumb Code   350  expandboard.o(.text)
    GetAnalogVolageIN                        0x08001889   Thumb Code    24  expandboard.o(.text)
    GetAnalogCurrentIN                       0x080018a1   Thumb Code    24  expandboard.o(.text)
    delay_init                               0x080018c1   Thumb Code    50  delay.o(.text)
    delay_us                                 0x080018f3   Thumb Code    72  delay.o(.text)
    delay_ms                                 0x0800193b   Thumb Code    72  delay.o(.text)
    uart_init                                0x08001995   Thumb Code   158  usart.o(.text)
    USART3_IRQHandler                        0x08001a33   Thumb Code   344  usart.o(.text)
    IWDG_Init                                0x08001bb1   Thumb Code    36  watchdog.o(.text)
    IWDG_Feed                                0x08001bd5   Thumb Code     8  watchdog.o(.text)
    Reset_Handler                            0x08001bdd   Thumb Code     8  startup_stm32f10x_md.o(.text)
    ADC1_2_IRQHandler                        0x08001bf7   Thumb Code     0  startup_stm32f10x_md.o(.text)
    CAN1_RX1_IRQHandler                      0x08001bf7   Thumb Code     0  startup_stm32f10x_md.o(.text)
    CAN1_SCE_IRQHandler                      0x08001bf7   Thumb Code     0  startup_stm32f10x_md.o(.text)
    DMA1_Channel1_IRQHandler                 0x08001bf7   Thumb Code     0  startup_stm32f10x_md.o(.text)
    DMA1_Channel2_IRQHandler                 0x08001bf7   Thumb Code     0  startup_stm32f10x_md.o(.text)
    DMA1_Channel3_IRQHandler                 0x08001bf7   Thumb Code     0  startup_stm32f10x_md.o(.text)
    DMA1_Channel4_IRQHandler                 0x08001bf7   Thumb Code     0  startup_stm32f10x_md.o(.text)
    DMA1_Channel5_IRQHandler                 0x08001bf7   Thumb Code     0  startup_stm32f10x_md.o(.text)
    DMA1_Channel6_IRQHandler                 0x08001bf7   Thumb Code     0  startup_stm32f10x_md.o(.text)
    DMA1_Channel7_IRQHandler                 0x08001bf7   Thumb Code     0  startup_stm32f10x_md.o(.text)
    EXTI15_10_IRQHandler                     0x08001bf7   Thumb Code     0  startup_stm32f10x_md.o(.text)
    EXTI1_IRQHandler                         0x08001bf7   Thumb Code     0  startup_stm32f10x_md.o(.text)
    EXTI2_IRQHandler                         0x08001bf7   Thumb Code     0  startup_stm32f10x_md.o(.text)
    FLASH_IRQHandler                         0x08001bf7   Thumb Code     0  startup_stm32f10x_md.o(.text)
    I2C1_ER_IRQHandler                       0x08001bf7   Thumb Code     0  startup_stm32f10x_md.o(.text)
    I2C1_EV_IRQHandler                       0x08001bf7   Thumb Code     0  startup_stm32f10x_md.o(.text)
    I2C2_ER_IRQHandler                       0x08001bf7   Thumb Code     0  startup_stm32f10x_md.o(.text)
    I2C2_EV_IRQHandler                       0x08001bf7   Thumb Code     0  startup_stm32f10x_md.o(.text)
    PVD_IRQHandler                           0x08001bf7   Thumb Code     0  startup_stm32f10x_md.o(.text)
    RCC_IRQHandler                           0x08001bf7   Thumb Code     0  startup_stm32f10x_md.o(.text)
    RTCAlarm_IRQHandler                      0x08001bf7   Thumb Code     0  startup_stm32f10x_md.o(.text)
    RTC_IRQHandler                           0x08001bf7   Thumb Code     0  startup_stm32f10x_md.o(.text)
    SPI1_IRQHandler                          0x08001bf7   Thumb Code     0  startup_stm32f10x_md.o(.text)
    SPI2_IRQHandler                          0x08001bf7   Thumb Code     0  startup_stm32f10x_md.o(.text)
    TAMPER_IRQHandler                        0x08001bf7   Thumb Code     0  startup_stm32f10x_md.o(.text)
    TIM1_BRK_IRQHandler                      0x08001bf7   Thumb Code     0  startup_stm32f10x_md.o(.text)
    TIM1_CC_IRQHandler                       0x08001bf7   Thumb Code     0  startup_stm32f10x_md.o(.text)
    TIM1_TRG_COM_IRQHandler                  0x08001bf7   Thumb Code     0  startup_stm32f10x_md.o(.text)
    TIM1_UP_IRQHandler                       0x08001bf7   Thumb Code     0  startup_stm32f10x_md.o(.text)
    TIM4_IRQHandler                          0x08001bf7   Thumb Code     0  startup_stm32f10x_md.o(.text)
    USART2_IRQHandler                        0x08001bf7   Thumb Code     0  startup_stm32f10x_md.o(.text)
    USBWakeUp_IRQHandler                     0x08001bf7   Thumb Code     0  startup_stm32f10x_md.o(.text)
    USB_HP_CAN1_TX_IRQHandler                0x08001bf7   Thumb Code     0  startup_stm32f10x_md.o(.text)
    WWDG_IRQHandler                          0x08001bf7   Thumb Code     0  startup_stm32f10x_md.o(.text)
    __user_initial_stackheap                 0x08001bf9   Thumb Code     0  startup_stm32f10x_md.o(.text)
    NVIC_PriorityGroupConfig                 0x08001c1d   Thumb Code    10  misc.o(.text)
    NVIC_Init                                0x08001c27   Thumb Code   100  misc.o(.text)
    NVIC_SetVectorTable                      0x08001c8b   Thumb Code    14  misc.o(.text)
    NVIC_SystemLPConfig                      0x08001c99   Thumb Code    34  misc.o(.text)
    SysTick_CLKSourceConfig                  0x08001cbb   Thumb Code    40  misc.o(.text)
    GPIO_DeInit                              0x08001cf9   Thumb Code   172  stm32f10x_gpio.o(.text)
    GPIO_AFIODeInit                          0x08001da5   Thumb Code    20  stm32f10x_gpio.o(.text)
    GPIO_Init                                0x08001db9   Thumb Code   278  stm32f10x_gpio.o(.text)
    GPIO_StructInit                          0x08001ecf   Thumb Code    16  stm32f10x_gpio.o(.text)
    GPIO_ReadInputDataBit                    0x08001edf   Thumb Code    18  stm32f10x_gpio.o(.text)
    GPIO_ReadInputData                       0x08001ef1   Thumb Code     8  stm32f10x_gpio.o(.text)
    GPIO_ReadOutputDataBit                   0x08001ef9   Thumb Code    18  stm32f10x_gpio.o(.text)
    GPIO_ReadOutputData                      0x08001f0b   Thumb Code     8  stm32f10x_gpio.o(.text)
    GPIO_SetBits                             0x08001f13   Thumb Code     4  stm32f10x_gpio.o(.text)
    GPIO_ResetBits                           0x08001f17   Thumb Code     4  stm32f10x_gpio.o(.text)
    GPIO_WriteBit                            0x08001f1b   Thumb Code    10  stm32f10x_gpio.o(.text)
    GPIO_Write                               0x08001f25   Thumb Code     4  stm32f10x_gpio.o(.text)
    GPIO_PinLockConfig                       0x08001f29   Thumb Code    18  stm32f10x_gpio.o(.text)
    GPIO_EventOutputConfig                   0x08001f3b   Thumb Code    26  stm32f10x_gpio.o(.text)
    GPIO_EventOutputCmd                      0x08001f55   Thumb Code     6  stm32f10x_gpio.o(.text)
    GPIO_PinRemapConfig                      0x08001f5b   Thumb Code   138  stm32f10x_gpio.o(.text)
    GPIO_EXTILineConfig                      0x08001fe5   Thumb Code    66  stm32f10x_gpio.o(.text)
    GPIO_ETH_MediaInterfaceConfig            0x08002027   Thumb Code     8  stm32f10x_gpio.o(.text)
    RCC_DeInit                               0x08002055   Thumb Code    64  stm32f10x_rcc.o(.text)
    RCC_HSEConfig                            0x08002095   Thumb Code    70  stm32f10x_rcc.o(.text)
    RCC_GetFlagStatus                        0x080020db   Thumb Code    56  stm32f10x_rcc.o(.text)
    RCC_WaitForHSEStartUp                    0x08002113   Thumb Code    56  stm32f10x_rcc.o(.text)
    RCC_AdjustHSICalibrationValue            0x0800214b   Thumb Code    20  stm32f10x_rcc.o(.text)
    RCC_HSICmd                               0x0800215f   Thumb Code     6  stm32f10x_rcc.o(.text)
    RCC_PLLConfig                            0x08002165   Thumb Code    24  stm32f10x_rcc.o(.text)
    RCC_PLLCmd                               0x0800217d   Thumb Code     6  stm32f10x_rcc.o(.text)
    RCC_SYSCLKConfig                         0x08002183   Thumb Code    18  stm32f10x_rcc.o(.text)
    RCC_GetSYSCLKSource                      0x08002195   Thumb Code    10  stm32f10x_rcc.o(.text)
    RCC_HCLKConfig                           0x0800219f   Thumb Code    18  stm32f10x_rcc.o(.text)
    RCC_PCLK1Config                          0x080021b1   Thumb Code    18  stm32f10x_rcc.o(.text)
    RCC_PCLK2Config                          0x080021c3   Thumb Code    20  stm32f10x_rcc.o(.text)
    RCC_ITConfig                             0x080021d7   Thumb Code    26  stm32f10x_rcc.o(.text)
    RCC_USBCLKConfig                         0x080021f1   Thumb Code     8  stm32f10x_rcc.o(.text)
    RCC_ADCCLKConfig                         0x080021f9   Thumb Code    18  stm32f10x_rcc.o(.text)
    RCC_LSEConfig                            0x0800220b   Thumb Code    50  stm32f10x_rcc.o(.text)
    RCC_LSICmd                               0x0800223d   Thumb Code     6  stm32f10x_rcc.o(.text)
    RCC_RTCCLKConfig                         0x08002243   Thumb Code    12  stm32f10x_rcc.o(.text)
    RCC_RTCCLKCmd                            0x0800224f   Thumb Code     8  stm32f10x_rcc.o(.text)
    RCC_GetClocksFreq                        0x08002257   Thumb Code   192  stm32f10x_rcc.o(.text)
    RCC_AHBPeriphClockCmd                    0x08002317   Thumb Code    26  stm32f10x_rcc.o(.text)
    RCC_APB2PeriphClockCmd                   0x08002331   Thumb Code    26  stm32f10x_rcc.o(.text)
    RCC_APB1PeriphClockCmd                   0x0800234b   Thumb Code    26  stm32f10x_rcc.o(.text)
    RCC_APB2PeriphResetCmd                   0x08002365   Thumb Code    26  stm32f10x_rcc.o(.text)
    RCC_APB1PeriphResetCmd                   0x0800237f   Thumb Code    26  stm32f10x_rcc.o(.text)
    RCC_BackupResetCmd                       0x08002399   Thumb Code     8  stm32f10x_rcc.o(.text)
    RCC_ClockSecuritySystemCmd               0x080023a1   Thumb Code     6  stm32f10x_rcc.o(.text)
    RCC_MCOConfig                            0x080023a7   Thumb Code     6  stm32f10x_rcc.o(.text)
    RCC_ClearFlag                            0x080023ad   Thumb Code    14  stm32f10x_rcc.o(.text)
    RCC_GetITStatus                          0x080023bb   Thumb Code    20  stm32f10x_rcc.o(.text)
    RCC_ClearITPendingBit                    0x080023cf   Thumb Code     6  stm32f10x_rcc.o(.text)
    USART_DeInit                             0x080023f9   Thumb Code   134  stm32f10x_usart.o(.text)
    USART_Init                               0x0800247f   Thumb Code   210  stm32f10x_usart.o(.text)
    USART_StructInit                         0x08002551   Thumb Code    24  stm32f10x_usart.o(.text)
    USART_ClockInit                          0x08002569   Thumb Code    34  stm32f10x_usart.o(.text)
    USART_ClockStructInit                    0x0800258b   Thumb Code    12  stm32f10x_usart.o(.text)
    USART_Cmd                                0x08002597   Thumb Code    24  stm32f10x_usart.o(.text)
    USART_ITConfig                           0x080025af   Thumb Code    74  stm32f10x_usart.o(.text)
    USART_DMACmd                             0x080025f9   Thumb Code    18  stm32f10x_usart.o(.text)
    USART_SetAddress                         0x0800260b   Thumb Code    18  stm32f10x_usart.o(.text)
    USART_WakeUpConfig                       0x0800261d   Thumb Code    18  stm32f10x_usart.o(.text)
    USART_ReceiverWakeUpCmd                  0x0800262f   Thumb Code    24  stm32f10x_usart.o(.text)
    USART_LINBreakDetectLengthConfig         0x08002647   Thumb Code    18  stm32f10x_usart.o(.text)
    USART_LINCmd                             0x08002659   Thumb Code    24  stm32f10x_usart.o(.text)
    USART_SendData                           0x08002671   Thumb Code     8  stm32f10x_usart.o(.text)
    USART_ReceiveData                        0x08002679   Thumb Code    10  stm32f10x_usart.o(.text)
    USART_SendBreak                          0x08002683   Thumb Code    10  stm32f10x_usart.o(.text)
    USART_SetGuardTime                       0x0800268d   Thumb Code    16  stm32f10x_usart.o(.text)
    USART_SetPrescaler                       0x0800269d   Thumb Code    16  stm32f10x_usart.o(.text)
    USART_SmartCardCmd                       0x080026ad   Thumb Code    24  stm32f10x_usart.o(.text)
    USART_SmartCardNACKCmd                   0x080026c5   Thumb Code    24  stm32f10x_usart.o(.text)
    USART_HalfDuplexCmd                      0x080026dd   Thumb Code    24  stm32f10x_usart.o(.text)
    USART_OverSampling8Cmd                   0x080026f5   Thumb Code    22  stm32f10x_usart.o(.text)
    USART_OneBitMethodCmd                    0x0800270b   Thumb Code    24  stm32f10x_usart.o(.text)
    USART_IrDAConfig                         0x08002723   Thumb Code    18  stm32f10x_usart.o(.text)
    USART_IrDACmd                            0x08002735   Thumb Code    24  stm32f10x_usart.o(.text)
    USART_GetFlagStatus                      0x0800274d   Thumb Code    26  stm32f10x_usart.o(.text)
    USART_ClearFlag                          0x08002767   Thumb Code    18  stm32f10x_usart.o(.text)
    USART_GetITStatus                        0x08002779   Thumb Code    84  stm32f10x_usart.o(.text)
    USART_ClearITPendingBit                  0x080027cd   Thumb Code    52  stm32f10x_usart.o(.text)
    TIM_DeInit                               0x08002801   Thumb Code   424  stm32f10x_tim.o(.text)
    TIM_TimeBaseInit                         0x080029a9   Thumb Code   122  stm32f10x_tim.o(.text)
    TIM_OC1Init                              0x08002a23   Thumb Code   132  stm32f10x_tim.o(.text)
    TIM_OC2Init                              0x08002aa7   Thumb Code   154  stm32f10x_tim.o(.text)
    TIM_OC3Init                              0x08002b41   Thumb Code   150  stm32f10x_tim.o(.text)
    TIM_OC4Init                              0x08002bd7   Thumb Code   182  stm32f10x_tim.o(.text)
    TIM_SetIC4Prescaler                      0x08002c8d   Thumb Code    26  stm32f10x_tim.o(.text)
    TIM_SetIC3Prescaler                      0x08002d29   Thumb Code    18  stm32f10x_tim.o(.text)
    TIM_SetIC2Prescaler                      0x08002db5   Thumb Code    26  stm32f10x_tim.o(.text)
    TIM_SetIC1Prescaler                      0x08002e51   Thumb Code    18  stm32f10x_tim.o(.text)
    TIM_ICInit                               0x08002ecf   Thumb Code   150  stm32f10x_tim.o(.text)
    TIM_PWMIConfig                           0x08002f65   Thumb Code   124  stm32f10x_tim.o(.text)
    TIM_BDTRConfig                           0x08002fe1   Thumb Code    32  stm32f10x_tim.o(.text)
    TIM_TimeBaseStructInit                   0x08003001   Thumb Code    18  stm32f10x_tim.o(.text)
    TIM_OCStructInit                         0x08003013   Thumb Code    20  stm32f10x_tim.o(.text)
    TIM_ICStructInit                         0x08003027   Thumb Code    18  stm32f10x_tim.o(.text)
    TIM_BDTRStructInit                       0x08003039   Thumb Code    40  stm32f10x_tim.o(.text)
    TIM_Cmd                                  0x08003061   Thumb Code    24  stm32f10x_tim.o(.text)
    TIM_CtrlPWMOutputs                       0x08003079   Thumb Code    30  stm32f10x_tim.o(.text)
    TIM_ITConfig                             0x08003097   Thumb Code    18  stm32f10x_tim.o(.text)
    TIM_GenerateEvent                        0x080030a9   Thumb Code     4  stm32f10x_tim.o(.text)
    TIM_DMAConfig                            0x080030ad   Thumb Code    10  stm32f10x_tim.o(.text)
    TIM_DMACmd                               0x080030b7   Thumb Code    18  stm32f10x_tim.o(.text)
    TIM_InternalClockConfig                  0x080030c9   Thumb Code    12  stm32f10x_tim.o(.text)
    TIM_SelectInputTrigger                   0x080030d5   Thumb Code    18  stm32f10x_tim.o(.text)
    TIM_ITRxExternalClockConfig              0x080030e7   Thumb Code    24  stm32f10x_tim.o(.text)
    TIM_TIxExternalClockConfig               0x080030ff   Thumb Code    62  stm32f10x_tim.o(.text)
    TIM_ETRConfig                            0x0800313d   Thumb Code    28  stm32f10x_tim.o(.text)
    TIM_ETRClockMode1Config                  0x08003159   Thumb Code    54  stm32f10x_tim.o(.text)
    TIM_ETRClockMode2Config                  0x0800318f   Thumb Code    32  stm32f10x_tim.o(.text)
    TIM_PrescalerConfig                      0x080031af   Thumb Code     6  stm32f10x_tim.o(.text)
    TIM_CounterModeConfig                    0x080031b5   Thumb Code    18  stm32f10x_tim.o(.text)
    TIM_EncoderInterfaceConfig               0x080031c7   Thumb Code    66  stm32f10x_tim.o(.text)
    TIM_ForcedOC1Config                      0x08003209   Thumb Code    18  stm32f10x_tim.o(.text)
    TIM_ForcedOC2Config                      0x0800321b   Thumb Code    26  stm32f10x_tim.o(.text)
    TIM_ForcedOC3Config                      0x08003235   Thumb Code    18  stm32f10x_tim.o(.text)
    TIM_ForcedOC4Config                      0x08003247   Thumb Code    26  stm32f10x_tim.o(.text)
    TIM_ARRPreloadConfig                     0x08003261   Thumb Code    24  stm32f10x_tim.o(.text)
    TIM_SelectCOM                            0x08003279   Thumb Code    24  stm32f10x_tim.o(.text)
    TIM_SelectCCDMA                          0x08003291   Thumb Code    24  stm32f10x_tim.o(.text)
    TIM_CCPreloadControl                     0x080032a9   Thumb Code    24  stm32f10x_tim.o(.text)
    TIM_OC1PreloadConfig                     0x080032c1   Thumb Code    18  stm32f10x_tim.o(.text)
    TIM_OC2PreloadConfig                     0x080032d3   Thumb Code    26  stm32f10x_tim.o(.text)
    TIM_OC3PreloadConfig                     0x080032ed   Thumb Code    18  stm32f10x_tim.o(.text)
    TIM_OC4PreloadConfig                     0x080032ff   Thumb Code    26  stm32f10x_tim.o(.text)
    TIM_OC1FastConfig                        0x08003319   Thumb Code    18  stm32f10x_tim.o(.text)
    TIM_OC2FastConfig                        0x0800332b   Thumb Code    26  stm32f10x_tim.o(.text)
    TIM_OC3FastConfig                        0x08003345   Thumb Code    18  stm32f10x_tim.o(.text)
    TIM_OC4FastConfig                        0x08003357   Thumb Code    26  stm32f10x_tim.o(.text)
    TIM_ClearOC1Ref                          0x08003371   Thumb Code    18  stm32f10x_tim.o(.text)
    TIM_ClearOC2Ref                          0x08003383   Thumb Code    24  stm32f10x_tim.o(.text)
    TIM_ClearOC3Ref                          0x0800339b   Thumb Code    18  stm32f10x_tim.o(.text)
    TIM_ClearOC4Ref                          0x080033ad   Thumb Code    24  stm32f10x_tim.o(.text)
    TIM_OC1PolarityConfig                    0x080033c5   Thumb Code    18  stm32f10x_tim.o(.text)
    TIM_OC1NPolarityConfig                   0x080033d7   Thumb Code    18  stm32f10x_tim.o(.text)
    TIM_OC2PolarityConfig                    0x080033e9   Thumb Code    26  stm32f10x_tim.o(.text)
    TIM_OC2NPolarityConfig                   0x08003403   Thumb Code    26  stm32f10x_tim.o(.text)
    TIM_OC3PolarityConfig                    0x0800341d   Thumb Code    26  stm32f10x_tim.o(.text)
    TIM_OC3NPolarityConfig                   0x08003437   Thumb Code    26  stm32f10x_tim.o(.text)
    TIM_OC4PolarityConfig                    0x08003451   Thumb Code    26  stm32f10x_tim.o(.text)
    TIM_CCxCmd                               0x0800346b   Thumb Code    30  stm32f10x_tim.o(.text)
    TIM_CCxNCmd                              0x08003489   Thumb Code    30  stm32f10x_tim.o(.text)
    TIM_SelectOCxM                           0x080034a7   Thumb Code    82  stm32f10x_tim.o(.text)
    TIM_UpdateDisableConfig                  0x080034f9   Thumb Code    24  stm32f10x_tim.o(.text)
    TIM_UpdateRequestConfig                  0x08003511   Thumb Code    24  stm32f10x_tim.o(.text)
    TIM_SelectHallSensor                     0x08003529   Thumb Code    24  stm32f10x_tim.o(.text)
    TIM_SelectOnePulseMode                   0x08003541   Thumb Code    18  stm32f10x_tim.o(.text)
    TIM_SelectOutputTrigger                  0x08003553   Thumb Code    18  stm32f10x_tim.o(.text)
    TIM_SelectSlaveMode                      0x08003565   Thumb Code    18  stm32f10x_tim.o(.text)
    TIM_SelectMasterSlaveMode                0x08003577   Thumb Code    18  stm32f10x_tim.o(.text)
    TIM_SetCounter                           0x08003589   Thumb Code     4  stm32f10x_tim.o(.text)
    TIM_SetAutoreload                        0x0800358d   Thumb Code     4  stm32f10x_tim.o(.text)
    TIM_SetCompare1                          0x08003591   Thumb Code     4  stm32f10x_tim.o(.text)
    TIM_SetCompare2                          0x08003595   Thumb Code     4  stm32f10x_tim.o(.text)
    TIM_SetCompare3                          0x08003599   Thumb Code     4  stm32f10x_tim.o(.text)
    TIM_SetCompare4                          0x0800359d   Thumb Code     6  stm32f10x_tim.o(.text)
    TIM_SetClockDivision                     0x080035a3   Thumb Code    18  stm32f10x_tim.o(.text)
    TIM_GetCapture1                          0x080035b5   Thumb Code     6  stm32f10x_tim.o(.text)
    TIM_GetCapture2                          0x080035bb   Thumb Code     6  stm32f10x_tim.o(.text)
    TIM_GetCapture3                          0x080035c1   Thumb Code     6  stm32f10x_tim.o(.text)
    TIM_GetCapture4                          0x080035c7   Thumb Code     8  stm32f10x_tim.o(.text)
    TIM_GetCounter                           0x080035cf   Thumb Code     6  stm32f10x_tim.o(.text)
    TIM_GetPrescaler                         0x080035d5   Thumb Code     6  stm32f10x_tim.o(.text)
    TIM_GetFlagStatus                        0x080035db   Thumb Code    18  stm32f10x_tim.o(.text)
    TIM_ClearFlag                            0x080035ed   Thumb Code     6  stm32f10x_tim.o(.text)
    TIM_GetITStatus                          0x080035f3   Thumb Code    34  stm32f10x_tim.o(.text)
    TIM_ClearITPendingBit                    0x08003615   Thumb Code     6  stm32f10x_tim.o(.text)
    CAN_DeInit                               0x0800361d   Thumb Code    50  stm32f10x_can.o(.text)
    CAN_Init                                 0x0800364f   Thumb Code   276  stm32f10x_can.o(.text)
    CAN_FilterInit                           0x08003763   Thumb Code   258  stm32f10x_can.o(.text)
    CAN_StructInit                           0x08003865   Thumb Code    32  stm32f10x_can.o(.text)
    CAN_SlaveStartBank                       0x08003885   Thumb Code    48  stm32f10x_can.o(.text)
    CAN_DBGFreeze                            0x080038b5   Thumb Code    22  stm32f10x_can.o(.text)
    CAN_TTComModeCmd                         0x080038cb   Thumb Code   118  stm32f10x_can.o(.text)
    CAN_Transmit                             0x08003941   Thumb Code   304  stm32f10x_can.o(.text)
    CAN_TransmitStatus                       0x08003a71   Thumb Code   138  stm32f10x_can.o(.text)
    CAN_CancelTransmit                       0x08003afb   Thumb Code    48  stm32f10x_can.o(.text)
    CAN_Receive                              0x08003b2b   Thumb Code   240  stm32f10x_can.o(.text)
    CAN_FIFORelease                          0x08003c1b   Thumb Code    22  stm32f10x_can.o(.text)
    CAN_MessagePending                       0x08003c31   Thumb Code    30  stm32f10x_can.o(.text)
    CAN_OperatingModeRequest                 0x08003c4f   Thumb Code   162  stm32f10x_can.o(.text)
    CAN_Sleep                                0x08003cf1   Thumb Code    30  stm32f10x_can.o(.text)
    CAN_WakeUp                               0x08003d0f   Thumb Code    48  stm32f10x_can.o(.text)
    CAN_GetLastErrorCode                     0x08003d3f   Thumb Code    12  stm32f10x_can.o(.text)
    CAN_GetReceiveErrorCounter               0x08003d4b   Thumb Code    10  stm32f10x_can.o(.text)
    CAN_GetLSBTransmitErrorCounter           0x08003d55   Thumb Code    12  stm32f10x_can.o(.text)
    CAN_ITConfig                             0x08003d61   Thumb Code    18  stm32f10x_can.o(.text)
    CAN_GetFlagStatus                        0x08003d73   Thumb Code   120  stm32f10x_can.o(.text)
    CAN_ClearFlag                            0x08003deb   Thumb Code    52  stm32f10x_can.o(.text)
    CAN_GetITStatus                          0x08003e31   Thumb Code   310  stm32f10x_can.o(.text)
    CAN_ClearITPendingBit                    0x08003f67   Thumb Code   162  stm32f10x_can.o(.text)
    ADC_DeInit                               0x0800400d   Thumb Code    78  stm32f10x_adc.o(.text)
    ADC_Init                                 0x0800405b   Thumb Code    70  stm32f10x_adc.o(.text)
    ADC_StructInit                           0x080040a1   Thumb Code    18  stm32f10x_adc.o(.text)
    ADC_Cmd                                  0x080040b3   Thumb Code    22  stm32f10x_adc.o(.text)
    ADC_DMACmd                               0x080040c9   Thumb Code    22  stm32f10x_adc.o(.text)
    ADC_ITConfig                             0x080040df   Thumb Code    24  stm32f10x_adc.o(.text)
    ADC_ResetCalibration                     0x080040f7   Thumb Code    10  stm32f10x_adc.o(.text)
    ADC_GetResetCalibrationStatus            0x08004101   Thumb Code    20  stm32f10x_adc.o(.text)
    ADC_StartCalibration                     0x08004115   Thumb Code    10  stm32f10x_adc.o(.text)
    ADC_GetCalibrationStatus                 0x0800411f   Thumb Code    20  stm32f10x_adc.o(.text)
    ADC_SoftwareStartConvCmd                 0x08004133   Thumb Code    22  stm32f10x_adc.o(.text)
    ADC_GetSoftwareStartConvStatus           0x08004149   Thumb Code    20  stm32f10x_adc.o(.text)
    ADC_DiscModeChannelCountConfig           0x0800415d   Thumb Code    24  stm32f10x_adc.o(.text)
    ADC_DiscModeCmd                          0x08004175   Thumb Code    22  stm32f10x_adc.o(.text)
    ADC_RegularChannelConfig                 0x0800418b   Thumb Code   184  stm32f10x_adc.o(.text)
    ADC_ExternalTrigConvCmd                  0x08004243   Thumb Code    22  stm32f10x_adc.o(.text)
    ADC_GetConversionValue                   0x08004259   Thumb Code     8  stm32f10x_adc.o(.text)
    ADC_GetDualModeConversionValue           0x08004261   Thumb Code     8  stm32f10x_adc.o(.text)
    ADC_AutoInjectedConvCmd                  0x08004269   Thumb Code    22  stm32f10x_adc.o(.text)
    ADC_InjectedDiscModeCmd                  0x0800427f   Thumb Code    22  stm32f10x_adc.o(.text)
    ADC_ExternalTrigInjectedConvConfig       0x08004295   Thumb Code    16  stm32f10x_adc.o(.text)
    ADC_ExternalTrigInjectedConvCmd          0x080042a5   Thumb Code    22  stm32f10x_adc.o(.text)
    ADC_SoftwareStartInjectedConvCmd         0x080042bb   Thumb Code    22  stm32f10x_adc.o(.text)
    ADC_GetSoftwareStartInjectedConvCmdStatus 0x080042d1   Thumb Code    20  stm32f10x_adc.o(.text)
    ADC_InjectedChannelConfig                0x080042e5   Thumb Code   130  stm32f10x_adc.o(.text)
    ADC_InjectedSequencerLengthConfig        0x08004367   Thumb Code    24  stm32f10x_adc.o(.text)
    ADC_SetInjectedOffset                    0x0800437f   Thumb Code    20  stm32f10x_adc.o(.text)
    ADC_GetInjectedConversionValue           0x08004393   Thumb Code    28  stm32f10x_adc.o(.text)
    ADC_AnalogWatchdogCmd                    0x080043af   Thumb Code    16  stm32f10x_adc.o(.text)
    ADC_AnalogWatchdogThresholdsConfig       0x080043bf   Thumb Code     6  stm32f10x_adc.o(.text)
    ADC_AnalogWatchdogSingleChannelConfig    0x080043c5   Thumb Code    16  stm32f10x_adc.o(.text)
    ADC_TempSensorVrefintCmd                 0x080043d5   Thumb Code    64  stm32f10x_adc.o(.text)
    ADC_GetFlagStatus                        0x08004415   Thumb Code    18  stm32f10x_adc.o(.text)
    ADC_ClearFlag                            0x08004427   Thumb Code     6  stm32f10x_adc.o(.text)
    ADC_GetITStatus                          0x0800442d   Thumb Code    36  stm32f10x_adc.o(.text)
    ADC_ClearITPendingBit                    0x08004451   Thumb Code    10  stm32f10x_adc.o(.text)
    DMA_DeInit                               0x0800445d   Thumb Code   324  stm32f10x_dma.o(.text)
    DMA_Init                                 0x080045a1   Thumb Code    60  stm32f10x_dma.o(.text)
    DMA_StructInit                           0x080045dd   Thumb Code    26  stm32f10x_dma.o(.text)
    DMA_Cmd                                  0x080045f7   Thumb Code    24  stm32f10x_dma.o(.text)
    DMA_ITConfig                             0x0800460f   Thumb Code    18  stm32f10x_dma.o(.text)
    DMA_SetCurrDataCounter                   0x08004621   Thumb Code     4  stm32f10x_dma.o(.text)
    DMA_GetCurrDataCounter                   0x08004625   Thumb Code     8  stm32f10x_dma.o(.text)
    DMA_GetFlagStatus                        0x0800462d   Thumb Code    40  stm32f10x_dma.o(.text)
    DMA_ClearFlag                            0x08004655   Thumb Code    22  stm32f10x_dma.o(.text)
    DMA_GetITStatus                          0x0800466b   Thumb Code    40  stm32f10x_dma.o(.text)
    DMA_ClearITPendingBit                    0x08004693   Thumb Code    22  stm32f10x_dma.o(.text)
    EXTI_DeInit                              0x080046b1   Thumb Code    28  stm32f10x_exti.o(.text)
    EXTI_Init                                0x080046cd   Thumb Code   142  stm32f10x_exti.o(.text)
    EXTI_StructInit                          0x0800475b   Thumb Code    16  stm32f10x_exti.o(.text)
    EXTI_GenerateSWInterrupt                 0x0800476b   Thumb Code    16  stm32f10x_exti.o(.text)
    EXTI_GetFlagStatus                       0x0800477b   Thumb Code    22  stm32f10x_exti.o(.text)
    EXTI_ClearFlag                           0x08004791   Thumb Code     8  stm32f10x_exti.o(.text)
    EXTI_GetITStatus                         0x08004799   Thumb Code    34  stm32f10x_exti.o(.text)
    EXTI_ClearITPendingBit                   0x080047bb   Thumb Code     8  stm32f10x_exti.o(.text)
    IWDG_WriteAccessCmd                      0x080047cd   Thumb Code     6  stm32f10x_iwdg.o(.text)
    IWDG_SetPrescaler                        0x080047d3   Thumb Code     6  stm32f10x_iwdg.o(.text)
    IWDG_SetReload                           0x080047d9   Thumb Code     6  stm32f10x_iwdg.o(.text)
    IWDG_ReloadCounter                       0x080047df   Thumb Code    10  stm32f10x_iwdg.o(.text)
    IWDG_Enable                              0x080047e9   Thumb Code    10  stm32f10x_iwdg.o(.text)
    IWDG_GetFlagStatus                       0x080047f3   Thumb Code    20  stm32f10x_iwdg.o(.text)
    __aeabi_memcpy                           0x0800480d   Thumb Code     0  rt_memcpy_v6.o(.text)
    __rt_memcpy                              0x0800480d   Thumb Code   138  rt_memcpy_v6.o(.text)
    _memcpy_lastbytes                        0x08004873   Thumb Code     0  rt_memcpy_v6.o(.text)
    __aeabi_memclr                           0x08004897   Thumb Code     0  rt_memclr.o(.text)
    __rt_memclr                              0x08004897   Thumb Code    68  rt_memclr.o(.text)
    _memset                                  0x0800489b   Thumb Code     0  rt_memclr.o(.text)
    __use_two_region_memory                  0x080048db   Thumb Code     2  heapauxi.o(.text)
    __rt_heap_escrow$2region                 0x080048dd   Thumb Code     2  heapauxi.o(.text)
    __rt_heap_expand$2region                 0x080048df   Thumb Code     2  heapauxi.o(.text)
    __aeabi_memcpy4                          0x080048e1   Thumb Code     0  rt_memcpy_w.o(.text)
    __aeabi_memcpy8                          0x080048e1   Thumb Code     0  rt_memcpy_w.o(.text)
    __rt_memcpy_w                            0x080048e1   Thumb Code   100  rt_memcpy_w.o(.text)
    _memcpy_lastbytes_aligned                0x08004929   Thumb Code     0  rt_memcpy_w.o(.text)
    __aeabi_memclr4                          0x08004945   Thumb Code     0  rt_memclr_w.o(.text)
    __aeabi_memclr8                          0x08004945   Thumb Code     0  rt_memclr_w.o(.text)
    __rt_memclr_w                            0x08004945   Thumb Code    78  rt_memclr_w.o(.text)
    _memset_w                                0x08004949   Thumb Code     0  rt_memclr_w.o(.text)
    __user_setup_stackheap                   0x08004993   Thumb Code    74  sys_stackheap_outer.o(.text)
    exit                                     0x080049dd   Thumb Code    18  exit.o(.text)
    __user_libspace                          0x080049f1   Thumb Code     8  libspace.o(.text)
    __user_perproc_libspace                  0x080049f1   Thumb Code     0  libspace.o(.text)
    __user_perthread_libspace                0x080049f1   Thumb Code     0  libspace.o(.text)
    _sys_exit                                0x080049f9   Thumb Code     8  sys_exit.o(.text)
    __I$use$semihosting                      0x08004a05   Thumb Code     0  use_no_semi.o(.text)
    __use_no_semihosting_swi                 0x08004a05   Thumb Code     2  use_no_semi.o(.text)
    __semihosting_library_function           0x08004a07   Thumb Code     0  indicate_semi.o(.text)
    Region$$Table$$Base                      0x08004a08   Number         0  anon$$obj.o(Region$$Table)
    Region$$Table$$Limit                     0x08004a28   Number         0  anon$$obj.o(Region$$Table)
    FinRecvFlag                              0x20000000   Data           1  main.o(.data)
    BeginUpdate                              0x20000001   Data           1  main.o(.data)
    DoActionFlag                             0x20000002   Data           1  main.o(.data)
    ReadFrameLen                             0x20000004   Data           2  main.o(.data)
    testdata                                 0x20000006   Data           8  main.o(.data)
    cnt                                      0x2000000e   Data           1  main.o(.data)
    SystemCoreClock                          0x20000010   Data           4  system_stm32f10x.o(.data)
    AHBPrescTable                            0x20000014   Data          16  system_stm32f10x.o(.data)
    time_100ms                               0x20000024   Data           4  sys_time.o(.data)
    MaxLinWidth                              0x2000002a   Data           1  eeprom_i2c.o(.data)
    MinLinWidth                              0x2000002b   Data           1  eeprom_i2c.o(.data)
    No2YsLineForgiveTime                     0x2000002c   Data           1  eeprom_i2c.o(.data)
    Ys2NoLineForgiveTime                     0x2000002d   Data           1  eeprom_i2c.o(.data)
    BoxMotorDutyCycle                        0x2000002e   Data           2  eeprom_i2c.o(.data)
    BoxReg                                   0x20000030   Data           1  boxmoter.o(.data)
    BoxDelayTime                             0x20000034   Data           4  boxmoter.o(.data)
    BumperReg                                0x20000038   Data           1  bumper.o(.data)
    hi                                       0x20000039   Data           1  bumper.o(.data)
    BumperUart_RX_STA                        0x2000003a   Data           2  bumper.o(.data)
    Ultra_RX_BUF                             0x2000003c   Data          13  bumper.o(.data)
    crc                                      0x2000004a   Data           2  bumper.o(.data)
    rx_statu                                 0x20000052   Data           1  usart.o(.data)
    upmodule                                 0x20000053   Data           1  usart.o(.data)
    FrameLen                                 0x20000054   Data           2  usart.o(.data)
    rx_cnt                                   0x20000056   Data           2  usart.o(.data)
    RxMessage                                0x2000006c   Data          20  can.o(.bss)
    CanRecvData                              0x20000080   Data          10  can.o(.bss)
    BumperUart_RX_BUF                        0x2000008a   Data          13  bumper.o(.bss)
    ADC_ConvertedValue                       0x20000098   Data          16  expandboard.o(.bss)
    USART1_RX_BUF                            0x200000a8   Data         100  usart.o(.bss)
    USART2_RX_BUF                            0x2000010c   Data         100  usart.o(.bss)
    __libspace_start                         0x20000170   Data          96  libspace.o(.bss)
    __temporary_stack_top$libspace           0x200001d0   Data           0  libspace.o(.bss)



==============================================================================

Memory Map of the image

  Image Entry point : 0x080000ed

  Load Region LR_IROM1 (Base: 0x08000000, Size: 0x00004a94, Max: 0x00010000, ABSOLUTE)

    Execution Region ER_IROM1 (Exec base: 0x08000000, Load base: 0x08000000, Size: 0x00004a28, Max: 0x00010000, ABSOLUTE)

    Exec Addr    Load Addr    Size         Type   Attr      Idx    E Section Name        Object

    0x08000000   0x08000000   0x000000ec   Data   RO          435    RESET               startup_stm32f10x_md.o
    0x080000ec   0x080000ec   0x00000008   Code   RO          726  * !!!main             c_w.l(__main.o)
    0x080000f4   0x080000f4   0x00000034   Code   RO          887    !!!scatter          c_w.l(__scatter.o)
    0x08000128   0x08000128   0x0000001a   Code   RO          889    !!handler_copy      c_w.l(__scatter_copy.o)
    0x08000142   0x08000142   0x00000002   PAD
    0x08000144   0x08000144   0x0000001c   Code   RO          891    !!handler_zi        c_w.l(__scatter_zi.o)
    0x08000160   0x08000160   0x00000002   Code   RO          757    .ARM.Collect$$libinit$$00000000  c_w.l(libinit.o)
    0x08000162   0x08000162   0x00000000   Code   RO          764    .ARM.Collect$$libinit$$00000002  c_w.l(libinit2.o)
    0x08000162   0x08000162   0x00000000   Code   RO          766    .ARM.Collect$$libinit$$00000004  c_w.l(libinit2.o)
    0x08000162   0x08000162   0x00000000   Code   RO          769    .ARM.Collect$$libinit$$0000000A  c_w.l(libinit2.o)
    0x08000162   0x08000162   0x00000000   Code   RO          771    .ARM.Collect$$libinit$$0000000C  c_w.l(libinit2.o)
    0x08000162   0x08000162   0x00000000   Code   RO          773    .ARM.Collect$$libinit$$0000000E  c_w.l(libinit2.o)
    0x08000162   0x08000162   0x00000000   Code   RO          776    .ARM.Collect$$libinit$$00000011  c_w.l(libinit2.o)
    0x08000162   0x08000162   0x00000000   Code   RO          778    .ARM.Collect$$libinit$$00000013  c_w.l(libinit2.o)
    0x08000162   0x08000162   0x00000000   Code   RO          780    .ARM.Collect$$libinit$$00000015  c_w.l(libinit2.o)
    0x08000162   0x08000162   0x00000000   Code   RO          782    .ARM.Collect$$libinit$$00000017  c_w.l(libinit2.o)
    0x08000162   0x08000162   0x00000000   Code   RO          784    .ARM.Collect$$libinit$$00000019  c_w.l(libinit2.o)
    0x08000162   0x08000162   0x00000000   Code   RO          786    .ARM.Collect$$libinit$$0000001B  c_w.l(libinit2.o)
    0x08000162   0x08000162   0x00000000   Code   RO          788    .ARM.Collect$$libinit$$0000001D  c_w.l(libinit2.o)
    0x08000162   0x08000162   0x00000000   Code   RO          790    .ARM.Collect$$libinit$$0000001F  c_w.l(libinit2.o)
    0x08000162   0x08000162   0x00000000   Code   RO          792    .ARM.Collect$$libinit$$00000021  c_w.l(libinit2.o)
    0x08000162   0x08000162   0x00000000   Code   RO          794    .ARM.Collect$$libinit$$00000023  c_w.l(libinit2.o)
    0x08000162   0x08000162   0x00000000   Code   RO          796    .ARM.Collect$$libinit$$00000025  c_w.l(libinit2.o)
    0x08000162   0x08000162   0x00000000   Code   RO          800    .ARM.Collect$$libinit$$0000002C  c_w.l(libinit2.o)
    0x08000162   0x08000162   0x00000000   Code   RO          802    .ARM.Collect$$libinit$$0000002E  c_w.l(libinit2.o)
    0x08000162   0x08000162   0x00000000   Code   RO          804    .ARM.Collect$$libinit$$00000030  c_w.l(libinit2.o)
    0x08000162   0x08000162   0x00000000   Code   RO          806    .ARM.Collect$$libinit$$00000032  c_w.l(libinit2.o)
    0x08000162   0x08000162   0x00000002   Code   RO          807    .ARM.Collect$$libinit$$00000033  c_w.l(libinit2.o)
    0x08000164   0x08000164   0x00000002   Code   RO          827    .ARM.Collect$$libshutdown$$00000000  c_w.l(libshutdown.o)
    0x08000166   0x08000166   0x00000000   Code   RO          840    .ARM.Collect$$libshutdown$$00000002  c_w.l(libshutdown2.o)
    0x08000166   0x08000166   0x00000000   Code   RO          842    .ARM.Collect$$libshutdown$$00000004  c_w.l(libshutdown2.o)
    0x08000166   0x08000166   0x00000000   Code   RO          845    .ARM.Collect$$libshutdown$$00000007  c_w.l(libshutdown2.o)
    0x08000166   0x08000166   0x00000000   Code   RO          848    .ARM.Collect$$libshutdown$$0000000A  c_w.l(libshutdown2.o)
    0x08000166   0x08000166   0x00000000   Code   RO          850    .ARM.Collect$$libshutdown$$0000000C  c_w.l(libshutdown2.o)
    0x08000166   0x08000166   0x00000000   Code   RO          853    .ARM.Collect$$libshutdown$$0000000F  c_w.l(libshutdown2.o)
    0x08000166   0x08000166   0x00000002   Code   RO          854    .ARM.Collect$$libshutdown$$00000010  c_w.l(libshutdown2.o)
    0x08000168   0x08000168   0x00000000   Code   RO          728    .ARM.Collect$$rtentry$$00000000  c_w.l(__rtentry.o)
    0x08000168   0x08000168   0x00000000   Code   RO          734    .ARM.Collect$$rtentry$$00000002  c_w.l(__rtentry2.o)
    0x08000168   0x08000168   0x00000006   Code   RO          746    .ARM.Collect$$rtentry$$00000004  c_w.l(__rtentry4.o)
    0x0800016e   0x0800016e   0x00000000   Code   RO          736    .ARM.Collect$$rtentry$$00000009  c_w.l(__rtentry2.o)
    0x0800016e   0x0800016e   0x00000004   Code   RO          737    .ARM.Collect$$rtentry$$0000000A  c_w.l(__rtentry2.o)
    0x08000172   0x08000172   0x00000000   Code   RO          739    .ARM.Collect$$rtentry$$0000000C  c_w.l(__rtentry2.o)
    0x08000172   0x08000172   0x00000008   Code   RO          740    .ARM.Collect$$rtentry$$0000000D  c_w.l(__rtentry2.o)
    0x0800017a   0x0800017a   0x00000002   Code   RO          761    .ARM.Collect$$rtexit$$00000000  c_w.l(rtexit.o)
    0x0800017c   0x0800017c   0x00000000   Code   RO          809    .ARM.Collect$$rtexit$$00000002  c_w.l(rtexit2.o)
    0x0800017c   0x0800017c   0x00000004   Code   RO          810    .ARM.Collect$$rtexit$$00000003  c_w.l(rtexit2.o)
    0x08000180   0x08000180   0x00000006   Code   RO          811    .ARM.Collect$$rtexit$$00000004  c_w.l(rtexit2.o)
    0x08000186   0x08000186   0x00000002   PAD
    0x08000188   0x08000188   0x00000080   Code   RO            1    .text               main.o
    0x08000208   0x08000208   0x0000001a   Code   RO          157    .text               stm32f10x_it.o
    0x08000222   0x08000222   0x00000002   PAD
    0x08000224   0x08000224   0x000001e0   Code   RO          198    .text               system_stm32f10x.o
    0x08000404   0x08000404   0x00000094   Code   RO          216    .text               sys_time.o
    0x08000498   0x08000498   0x00000038   Code   RO          231    .text               led.o
    0x080004d0   0x080004d0   0x000003ac   Code   RO          243    .text               can.o
    0x0800087c   0x0800087c   0x0000046c   Code   RO          260    .text               eeprom_i2c.o
    0x08000ce8   0x08000ce8   0x00000394   Code   RO          279    .text               boxmoter.o
    0x0800107c   0x0800107c   0x0000002e   Code   RO          313    .text               bsp_init.o
    0x080010aa   0x080010aa   0x00000002   PAD
    0x080010ac   0x080010ac   0x00000308   Code   RO          325    .text               bumper.o
    0x080013b4   0x080013b4   0x0000050c   Code   RO          345    .text               expandboard.o
    0x080018c0   0x080018c0   0x000000d4   Code   RO          360    .text               delay.o
    0x08001994   0x08001994   0x0000021c   Code   RO          391    .text               usart.o
    0x08001bb0   0x08001bb0   0x0000002c   Code   RO          411    .text               watchdog.o
    0x08001bdc   0x08001bdc   0x00000040   Code   RO          436    .text               startup_stm32f10x_md.o
    0x08001c1c   0x08001c1c   0x000000dc   Code   RO          440    .text               misc.o
    0x08001cf8   0x08001cf8   0x0000035c   Code   RO          452    .text               stm32f10x_gpio.o
    0x08002054   0x08002054   0x000003a4   Code   RO          464    .text               stm32f10x_rcc.o
    0x080023f8   0x080023f8   0x00000408   Code   RO          478    .text               stm32f10x_usart.o
    0x08002800   0x08002800   0x00000e1a   Code   RO          502    .text               stm32f10x_tim.o
    0x0800361a   0x0800361a   0x00000002   PAD
    0x0800361c   0x0800361c   0x000009f0   Code   RO          514    .text               stm32f10x_can.o
    0x0800400c   0x0800400c   0x0000044e   Code   RO          526    .text               stm32f10x_adc.o
    0x0800445a   0x0800445a   0x00000002   PAD
    0x0800445c   0x0800445c   0x00000254   Code   RO          598    .text               stm32f10x_dma.o
    0x080046b0   0x080046b0   0x0000011c   Code   RO          610    .text               stm32f10x_exti.o
    0x080047cc   0x080047cc   0x00000040   Code   RO          646    .text               stm32f10x_iwdg.o
    0x0800480c   0x0800480c   0x0000008a   Code   RO          720    .text               c_w.l(rt_memcpy_v6.o)
    0x08004896   0x08004896   0x00000044   Code   RO          722    .text               c_w.l(rt_memclr.o)
    0x080048da   0x080048da   0x00000006   Code   RO          724    .text               c_w.l(heapauxi.o)
    0x080048e0   0x080048e0   0x00000064   Code   RO          729    .text               c_w.l(rt_memcpy_w.o)
    0x08004944   0x08004944   0x0000004e   Code   RO          731    .text               c_w.l(rt_memclr_w.o)
    0x08004992   0x08004992   0x0000004a   Code   RO          748    .text               c_w.l(sys_stackheap_outer.o)
    0x080049dc   0x080049dc   0x00000012   Code   RO          750    .text               c_w.l(exit.o)
    0x080049ee   0x080049ee   0x00000002   PAD
    0x080049f0   0x080049f0   0x00000008   Code   RO          758    .text               c_w.l(libspace.o)
    0x080049f8   0x080049f8   0x0000000c   Code   RO          819    .text               c_w.l(sys_exit.o)
    0x08004a04   0x08004a04   0x00000002   Code   RO          830    .text               c_w.l(use_no_semi.o)
    0x08004a06   0x08004a06   0x00000000   Code   RO          832    .text               c_w.l(indicate_semi.o)
    0x08004a06   0x08004a06   0x00000002   PAD
    0x08004a08   0x08004a08   0x00000020   Data   RO          885    Region$$Table       anon$$obj.o


    Execution Region RW_IRAM1 (Exec base: 0x20000000, Load base: 0x08004a28, Size: 0x000007d0, Max: 0x00005000, ABSOLUTE)

    Exec Addr    Load Addr    Size         Type   Attr      Idx    E Section Name        Object

    0x20000000   0x08004a28   0x0000000f   Data   RW            2    .data               main.o
    0x2000000f   0x08004a37   0x00000001   PAD
    0x20000010   0x08004a38   0x00000014   Data   RW          199    .data               system_stm32f10x.o
    0x20000024   0x08004a4c   0x00000004   Data   RW          217    .data               sys_time.o
    0x20000028   0x08004a50   0x00000001   Data   RW          245    .data               can.o
    0x20000029   0x08004a51   0x00000001   PAD
    0x2000002a   0x08004a52   0x00000006   Data   RW          261    .data               eeprom_i2c.o
    0x20000030   0x08004a58   0x00000008   Data   RW          280    .data               boxmoter.o
    0x20000038   0x08004a60   0x00000015   Data   RW          327    .data               bumper.o
    0x2000004d   0x08004a75   0x00000001   PAD
    0x2000004e   0x08004a76   0x00000004   Data   RW          361    .data               delay.o
    0x20000052   0x08004a7a   0x00000006   Data   RW          393    .data               usart.o
    0x20000058   0x08004a80   0x00000014   Data   RW          465    .data               stm32f10x_rcc.o
    0x2000006c        -       0x0000001e   Zero   RW          244    .bss                can.o
    0x2000008a        -       0x0000000d   Zero   RW          326    .bss                bumper.o
    0x20000097   0x08004a94   0x00000001   PAD
    0x20000098        -       0x00000010   Zero   RW          346    .bss                expandboard.o
    0x200000a8        -       0x000000c8   Zero   RW          392    .bss                usart.o
    0x20000170        -       0x00000060   Zero   RW          759    .bss                c_w.l(libspace.o)
    0x200001d0        -       0x00000200   Zero   RW          434    HEAP                startup_stm32f10x_md.o
    0x200003d0        -       0x00000400   Zero   RW          433    STACK               startup_stm32f10x_md.o


==============================================================================

Image component sizes


      Code (inc. data)   RO Data    RW Data    ZI Data      Debug   Object Name

       916         26          0          8          0       3264   boxmoter.o
        46          0          0          0          0        442   bsp_init.o
       776         38          0         21         13       2574   bumper.o
       940         42          0          1         30       2551   can.o
       212         18          0          4          0        995   delay.o
      1132         26          0          6          0       5261   eeprom_i2c.o
      1292         58          0          0         16       4320   expandboard.o
        56          6          0          0          0        455   led.o
       128         22          0         15          0     282338   main.o
       220         22          0          0          0       1753   misc.o
        64         26        236          0       1536        776   startup_stm32f10x_md.o
      1102         26          0          0          0      10993   stm32f10x_adc.o
      2544         38          0          0          0       7980   stm32f10x_can.o
       596          8          0          0          0       4314   stm32f10x_dma.o
       284         10          0          0          0       2207   stm32f10x_exti.o
       860         38          0          0          0       5685   stm32f10x_gpio.o
        26          0          0          0          0       1154   stm32f10x_it.o
        64          6          0          0          0       1253   stm32f10x_iwdg.o
       932         36          0         20          0       8836   stm32f10x_rcc.o
      3610         88          0          0          0      22792   stm32f10x_tim.o
      1032         22          0          0          0       8408   stm32f10x_usart.o
         0          0          0          0          0         32   sys.o
       148          4          0          4          0       1086   sys_time.o
       480         38          0         20          0       1667   system_stm32f10x.o
       540         44          0          6        200       1832   usart.o
        44          0          0          0          0        654   watchdog.o

    ----------------------------------------------------------------------
     18052        642        268        108       1796     383622   Object Totals
         0          0         32          0          0          0   (incl. Generated)
         8          0          0          3          1          0   (incl. Padding)

    ----------------------------------------------------------------------

      Code (inc. data)   RO Data    RW Data    ZI Data      Debug   Library Member Name

         8          0          0          0          0         68   __main.o
         0          0          0          0          0          0   __rtentry.o
        12          0          0          0          0          0   __rtentry2.o
         6          0          0          0          0          0   __rtentry4.o
        52          8          0          0          0          0   __scatter.o
        26          0          0          0          0          0   __scatter_copy.o
        28          0          0          0          0          0   __scatter_zi.o
        18          0          0          0          0         80   exit.o
         6          0          0          0          0        152   heapauxi.o
         0          0          0          0          0          0   indicate_semi.o
         2          0          0          0          0          0   libinit.o
         2          0          0          0          0          0   libinit2.o
         2          0          0          0          0          0   libshutdown.o
         2          0          0          0          0          0   libshutdown2.o
         8          4          0          0         96         68   libspace.o
        68          0          0          0          0         68   rt_memclr.o
        78          0          0          0          0         80   rt_memclr_w.o
       138          0          0          0          0         68   rt_memcpy_v6.o
       100          0          0          0          0         80   rt_memcpy_w.o
         2          0          0          0          0          0   rtexit.o
        10          0          0          0          0          0   rtexit2.o
        12          4          0          0          0         68   sys_exit.o
        74          0          0          0          0         80   sys_stackheap_outer.o
         2          0          0          0          0         68   use_no_semi.o

    ----------------------------------------------------------------------
       664         16          0          0         96        880   Library Totals
         8          0          0          0          0          0   (incl. Padding)

    ----------------------------------------------------------------------

      Code (inc. data)   RO Data    RW Data    ZI Data      Debug   Library Name

       656         16          0          0         96        880   c_w.l

    ----------------------------------------------------------------------
       664         16          0          0         96        880   Library Totals

    ----------------------------------------------------------------------

==============================================================================


      Code (inc. data)   RO Data    RW Data    ZI Data      Debug   

     18716        658        268        108       1892     382002   Grand Totals
     18716        658        268        108       1892     382002   ELF Image Totals
     18716        658        268        108          0          0   ROM Totals

==============================================================================

    Total RO  Size (Code + RO Data)                18984 (  18.54kB)
    Total RW  Size (RW Data + ZI Data)              2000 (   1.95kB)
    Total ROM Size (Code + RO Data + RW Data)      19092 (  18.64kB)

==============================================================================

